Archive member included to satisfy reference by file (symbol)

c:/altera/14.1/nios2eds/bin/gnu/h-x86_64-mingw32/bin/../lib/gcc/nios2-elf/4.8.3/mno-hw-mul\libgcc.a(lib2-divmod.o)
                              obj/default/circular_fifo.o (__umodsi3)
c:/altera/14.1/nios2eds/bin/gnu/h-x86_64-mingw32/bin/../lib/gcc/nios2-elf/4.8.3/mno-hw-mul\libgcc.a(lib2-mul.o)
                              obj/default/main.o (__mulsi3)
c:/altera/14.1/nios2eds/bin/gnu/h-x86_64-mingw32/bin/../lib/gcc/nios2-elf/4.8.3/../../../../../H-x86_64-mingw32/nios2-elf/lib/mno-hw-mul\libc.a(lib_a-malloc.o)
                              obj/default/TargetList.o (malloc)
c:/altera/14.1/nios2eds/bin/gnu/h-x86_64-mingw32/bin/../lib/gcc/nios2-elf/4.8.3/../../../../../H-x86_64-mingw32/nios2-elf/lib/mno-hw-mul\libc.a(lib_a-mallocr.o)
                              c:/altera/14.1/nios2eds/bin/gnu/h-x86_64-mingw32/bin/../lib/gcc/nios2-elf/4.8.3/../../../../../H-x86_64-mingw32/nios2-elf/lib/mno-hw-mul\libc.a(lib_a-malloc.o) (_malloc_r)
c:/altera/14.1/nios2eds/bin/gnu/h-x86_64-mingw32/bin/../lib/gcc/nios2-elf/4.8.3/../../../../../H-x86_64-mingw32/nios2-elf/lib/mno-hw-mul\libc.a(lib_a-printf.o)
                              obj/default/TargetList.o (printf)
c:/altera/14.1/nios2eds/bin/gnu/h-x86_64-mingw32/bin/../lib/gcc/nios2-elf/4.8.3/../../../../../H-x86_64-mingw32/nios2-elf/lib/mno-hw-mul\libc.a(lib_a-putchar.o)
                              obj/default/TargetList.o (putchar)
c:/altera/14.1/nios2eds/bin/gnu/h-x86_64-mingw32/bin/../lib/gcc/nios2-elf/4.8.3/../../../../../H-x86_64-mingw32/nios2-elf/lib/mno-hw-mul\libc.a(lib_a-puts.o)
                              obj/default/hex.o (puts)
c:/altera/14.1/nios2eds/bin/gnu/h-x86_64-mingw32/bin/../lib/gcc/nios2-elf/4.8.3/../../../../../H-x86_64-mingw32/nios2-elf/lib/mno-hw-mul\libc.a(lib_a-sbrkr.o)
                              c:/altera/14.1/nios2eds/bin/gnu/h-x86_64-mingw32/bin/../lib/gcc/nios2-elf/4.8.3/../../../../../H-x86_64-mingw32/nios2-elf/lib/mno-hw-mul\libc.a(lib_a-mallocr.o) (_sbrk_r)
c:/altera/14.1/nios2eds/bin/gnu/h-x86_64-mingw32/bin/../lib/gcc/nios2-elf/4.8.3/../../../../../H-x86_64-mingw32/nios2-elf/lib/mno-hw-mul\libc.a(lib_a-sprintf.o)
                              obj/default/PacketProcessor_Red_Rx.o (sprintf)
c:/altera/14.1/nios2eds/bin/gnu/h-x86_64-mingw32/bin/../lib/gcc/nios2-elf/4.8.3/../../../../../H-x86_64-mingw32/nios2-elf/lib/mno-hw-mul\libc.a(lib_a-strlen.o)
                              c:/altera/14.1/nios2eds/bin/gnu/h-x86_64-mingw32/bin/../lib/gcc/nios2-elf/4.8.3/../../../../../H-x86_64-mingw32/nios2-elf/lib/mno-hw-mul\libc.a(lib_a-puts.o) (strlen)
c:/altera/14.1/nios2eds/bin/gnu/h-x86_64-mingw32/bin/../lib/gcc/nios2-elf/4.8.3/../../../../../H-x86_64-mingw32/nios2-elf/lib/mno-hw-mul\libc.a(lib_a-svfprintf.o)
                              c:/altera/14.1/nios2eds/bin/gnu/h-x86_64-mingw32/bin/../lib/gcc/nios2-elf/4.8.3/../../../../../H-x86_64-mingw32/nios2-elf/lib/mno-hw-mul\libc.a(lib_a-sprintf.o) (___svfprintf_internal_r)
c:/altera/14.1/nios2eds/bin/gnu/h-x86_64-mingw32/bin/../lib/gcc/nios2-elf/4.8.3/../../../../../H-x86_64-mingw32/nios2-elf/lib/mno-hw-mul\libc.a(lib_a-vfprintf.o)
                              c:/altera/14.1/nios2eds/bin/gnu/h-x86_64-mingw32/bin/../lib/gcc/nios2-elf/4.8.3/../../../../../H-x86_64-mingw32/nios2-elf/lib/mno-hw-mul\libc.a(lib_a-printf.o) (___vfprintf_internal_r)
c:/altera/14.1/nios2eds/bin/gnu/h-x86_64-mingw32/bin/../lib/gcc/nios2-elf/4.8.3/../../../../../H-x86_64-mingw32/nios2-elf/lib/mno-hw-mul\libc.a(lib_a-wsetup.o)
                              c:/altera/14.1/nios2eds/bin/gnu/h-x86_64-mingw32/bin/../lib/gcc/nios2-elf/4.8.3/../../../../../H-x86_64-mingw32/nios2-elf/lib/mno-hw-mul\libc.a(lib_a-vfprintf.o) (__swsetup_r)
c:/altera/14.1/nios2eds/bin/gnu/h-x86_64-mingw32/bin/../lib/gcc/nios2-elf/4.8.3/../../../../../H-x86_64-mingw32/nios2-elf/lib/mno-hw-mul\libc.a(lib_a-dtoa.o)
                              c:/altera/14.1/nios2eds/bin/gnu/h-x86_64-mingw32/bin/../lib/gcc/nios2-elf/4.8.3/../../../../../H-x86_64-mingw32/nios2-elf/lib/mno-hw-mul\libc.a(lib_a-svfprintf.o) (_dtoa_r)
c:/altera/14.1/nios2eds/bin/gnu/h-x86_64-mingw32/bin/../lib/gcc/nios2-elf/4.8.3/../../../../../H-x86_64-mingw32/nios2-elf/lib/mno-hw-mul\libc.a(lib_a-fflush.o)
                              c:/altera/14.1/nios2eds/bin/gnu/h-x86_64-mingw32/bin/../lib/gcc/nios2-elf/4.8.3/../../../../../H-x86_64-mingw32/nios2-elf/lib/mno-hw-mul\libc.a(lib_a-vfprintf.o) (_fflush_r)
c:/altera/14.1/nios2eds/bin/gnu/h-x86_64-mingw32/bin/../lib/gcc/nios2-elf/4.8.3/../../../../../H-x86_64-mingw32/nios2-elf/lib/mno-hw-mul\libc.a(lib_a-findfp.o)
                              c:/altera/14.1/nios2eds/bin/gnu/h-x86_64-mingw32/bin/../lib/gcc/nios2-elf/4.8.3/../../../../../H-x86_64-mingw32/nios2-elf/lib/mno-hw-mul\libc.a(lib_a-vfprintf.o) (__sinit)
c:/altera/14.1/nios2eds/bin/gnu/h-x86_64-mingw32/bin/../lib/gcc/nios2-elf/4.8.3/../../../../../H-x86_64-mingw32/nios2-elf/lib/mno-hw-mul\libc.a(lib_a-freer.o)
[...]
Memory Configuration

Name             Origin             Length             Attributes
descriptor_mem   0x0000000000000000 0x0000000000004010
heap_stack       0x0000000000028000 0x00000000000061a8
reset            0x0000000000100000 0x0000000000000020
instruction_memory 0x0000000000100020 0x0000000000030d20
red_to_black_memory 0x0000000001000000 0x000000000000bb80
black_to_red_memory 0x0000000002000000 0x000000000000bb80
*default*        0x0000000000000000 0xffffffffffffffff

Linker script and memory map

LOAD ../TEDv3_bsp//obj/HAL/src/crt0.o
LOAD obj/default/DecryptCheck.o
LOAD obj/default/EncryptCheck.o
LOAD obj/default/PacketProcessor_Black_Rx.o
LOAD obj/default/PacketProcessor_Red_Rx.o
LOAD obj/default/TargetList.o
LOAD obj/default/circular_fifo.o
LOAD obj/default/hex.o
LOAD obj/default/lcd.o
LOAD obj/default/led.o
LOAD obj/default/mac.o
LOAD obj/default/main.o
LOAD obj/default/printpacket.o
LOAD obj/default/sw.o
LOAD c:/altera/14.1/nios2eds/bin/gnu/h-x86_64-mingw32/bin/../lib/gcc/nios2-elf/4.8.3/../../../../../H-x86_64-mingw32/nios2-elf/lib/mno-hw-mul\libstdc++.a
LOAD c:/altera/14.1/nios2eds/bin/gnu/h-x86_64-mingw32/bin/../lib/gcc/nios2-elf/4.8.3/../../../../../H-x86_64-mingw32/nios2-elf/lib/mno-hw-mul\libm.a
LOAD c:/altera/14.1/nios2eds/bin/gnu/h-x86_64-mingw32/bin/../lib/gcc/nios2-elf/4.8.3/mno-hw-mul\libgcc.a
START GROUP
LOAD c:/altera/14.1/nios2eds/bin/gnu/h-x86_64-mingw32/bin/../lib/gcc/nios2-elf/4.8.3/../../../../../H-x86_64-mingw32/nios2-elf/lib/mno-hw-mul\libc.a
LOAD c:/altera/14.1/nios2eds/bin/gnu/h-x86_64-mingw32/bin/../lib/gcc/nios2-elf/4.8.3/mno-hw-mul\libgcc.a
LOAD ../TEDv3_bsp/\libhal_bsp.a
END GROUP
LOAD c:/altera/14.1/nios2eds/bin/gnu/h-x86_64-mingw32/bin/../lib/gcc/nios2-elf/4.8.3/mno-hw-mul\libgcc.a
                0x0000000000000000                __alt_mem_descriptor_mem = 0x0
                0x0000000000028000                __alt_mem_heap_stack = 0x28000
                0x0000000000100000                __alt_mem_instruction_memory = 0x100000
                0x0000000001000000                __alt_mem_red_to_black_memory = 0x1000000
                0x0000000002000000                __alt_mem_black_to_red_memory = 0x2000000

.entry          0x0000000000100000       0x20
 *(.entry)
 .entry         0x0000000000100000       0x20 ../TEDv3_bsp//obj/HAL/src/crt0.o
                0x0000000000100000                __reset

.exceptions     0x0000000000100020      0x2fc
                0x0000000000100020                PROVIDE (__ram_exceptions_start, ABSOLUTE (.))
                0x0000000000100020                . = ALIGN (0x20)
 *(.irq)
 *(.exceptions.entry.label)
 .exceptions.entry.label
                0x0000000000100020        0x0 ../TEDv3_bsp/\libhal_bsp.a(alt_exception_entry.o)
                0x0000000000100020                alt_exception
 .exceptions.entry.label
                0x0000000000100020        0x0 ../TEDv3_bsp/\libhal_bsp.a(alt_irq_entry.o)
                0x0000000000100020                alt_irq_entry
 *(.exceptions.entry.user)
 *(.exceptions.entry.ecc_fatal)
 *(.exceptions.entry)
 .exceptions.entry
                0x0000000000100020       0x54 ../TEDv3_bsp/\libhal_bsp.a(alt_exception_entry.o)
 *(.exceptions.irqtest.user)
 *(.exceptions.irqtest)
 .exceptions.irqtest
                0x0000000000100074       0x10 ../TEDv3_bsp/\libhal_bsp.a(alt_irq_entry.o)
 *(.exceptions.irqhandler.user)
 *(.exceptions.irqhandler)
 .exceptions.irqhandler
                0x0000000000100084        0x4 ../TEDv3_bsp/\libhal_bsp.a(alt_irq_entry.o)
 *(.exceptions.irqreturn.user)
 *(.exceptions.irqreturn)
 .exceptions.irqreturn
                0x0000000000100088        0x4 ../TEDv3_bsp/\libhal_bsp.a(alt_irq_entry.o)
 *(.exceptions.notirq.label)
 .exceptions.notirq.label
                0x000000000010008c        0x0 ../TEDv3_bsp/\libhal_bsp.a(alt_irq_entry.o)
 *(.exceptions.notirq.user)
 *(.exceptions.notirq)
 .exceptions.notirq
                0x000000000010008c        0x8 ../TEDv3_bsp/\libhal_bsp.a(alt_exception_entry.o)
 *(.exceptions.soft.user)
 *(.exceptions.soft)
 .exceptions.soft
                0x0000000000100094      0x1cc ../TEDv3_bsp/\libhal_bsp.a(alt_exception_muldiv.o)
 *(.exceptions.unknown.user)
 *(.exceptions.unknown)
 .exceptions.unknown
                0x0000000000100260        0x4 ../TEDv3_bsp/\libhal_bsp.a(alt_exception_entry.o)
 *(.exceptions.exit.label)
 .exceptions.exit.label
                0x0000000000100264        0x0 ../TEDv3_bsp/\libhal_bsp.a(alt_exception_muldiv.o)
 .exceptions.exit.label
                0x0000000000100264        0x0 ../TEDv3_bsp/\libhal_bsp.a(alt_exception_entry.o)
 .exceptions.exit.label
                0x0000000000100264        0x0 ../TEDv3_bsp/\libhal_bsp.a(alt_irq_entry.o)
 *(.exceptions.exit.user)
 *(.exceptions.exit)
 .exceptions.exit
                0x0000000000100264       0x54 ../TEDv3_bsp/\libhal_bsp.a(alt_exception_entry.o)
 *(.exceptions)
 .exceptions    0x00000000001002b8       0x64 ../TEDv3_bsp/\libhal_bsp.a(alt_irq_handler.o)
                0x00000000001002b8                alt_irq_handler
                0x000000000010031c                PROVIDE (__ram_exceptions_end, ABSOLUTE (.))
                0x0000000000100020                PROVIDE (__flash_exceptions_start, LOADADDR (.exceptions))

.text           0x000000000010031c    0x15ca8
                0x000000000010031c                PROVIDE (stext, ABSOLUTE (.))
 *(.interp)
 *(.hash)
 *(.dynsym)
 *(.dynstr)
 *(.gnu.version)
 *(.gnu.version_d)
 *(.gnu.version_r)
 *(.rel.init)
 *(.rela.init)
 *(.rel.text .rel.text.* .rel.gnu.linkonce.t.*)
 *(.rela.text .rela.text.* .rela.gnu.linkonce.t.*)
 *(.rel.fini)
 *(.rela.fini)
 *(.rel.rodata .rel.rodata.* .rel.gnu.linkonce.r.*)
 *(.rela.rodata .rela.rodata.* .rela.gnu.linkonce.r.*)
 *(.rel.data .rel.data.* .rel.gnu.linkonce.d.*)
 *(.rela.data .rela.data.* .rela.gnu.linkonce.d.*)
 *(.rel.tdata .rel.tdata.* .rel.gnu.linkonce.td.*)
 *(.rela.tdata .rela.tdata.* .rela.gnu.linkonce.td.*)
 *(.rel.tbss .rel.tbss.* .rel.gnu.linkonce.tb.*)
 *(.rela.tbss .rela.tbss.* .rela.gnu.linkonce.tb.*)
 *(.rel.ctors)
 *(.rela.ctors)
 *(.rel.dtors)
 *(.rela.dtors)
 *(.rel.got)
 *(.rela.got)
 *(.rel.sdata .rel.sdata.* .rel.gnu.linkonce.s.*)
 *(.rela.sdata .rela.sdata.* .rela.gnu.linkonce.s.*)
 *(.rel.sbss .rel.sbss.* .rel.gnu.linkonce.sb.*)
 *(.rela.sbss .rela.sbss.* .rela.gnu.linkonce.sb.*)
 *(.rel.sdata2 .rel.sdata2.* .rel.gnu.linkonce.s2.*)
 *(.rela.sdata2 .rela.sdata2.* .rela.gnu.linkonce.s2.*)
 *(.rel.sbss2 .rel.sbss2.* .rel.gnu.linkonce.sb2.*)
 *(.rela.sbss2 .rela.sbss2.* .rela.gnu.linkonce.sb2.*)
 *(.rel.bss .rel.bss.* .rel.gnu.linkonce.b.*)
 *(.rela.bss .rela.bss.* .rela.gnu.linkonce.b.*)
 *(.rel.plt)
 *(.rela.plt)
 *(.rel.dyn)
 *(.init)
 *(.plt)
 *(.text .stub .text.* .gnu.linkonce.t.*)
 .text          0x000000000010031c       0x3c ../TEDv3_bsp//obj/HAL/src/crt0.o
                0x000000000010031c                _start
 .text          0x0000000000100358      0x27c obj/default/DecryptCheck.o
                0x0000000000100358                PortDecrypt
                0x00000000001003e0                IpDecrypt
                0x00000000001004a0                NatDecrypt
 .text          0x00000000001005d4      0x27c obj/default/EncryptCheck.o
                0x00000000001005d4                PortEncrypt
                0x000000000010065c                IpEncrypt
                0x000000000010071c                NatEncrypt
 .text          0x0000000000100850      0x3d4 obj/default/PacketProcessor_Black_Rx.o
                0x0000000000100850                PacketProcessor_Black_Rx
                0x0000000000100b94                Ipv4PacketBlack
                0x0000000000100bd8                IcmpPacketBlack
 .text          0x0000000000100c24      0x788 obj/default/PacketProcessor_Red_Rx.o
                0x0000000000100c24                PacketProcessor_Red_Rx
                0x0000000000100fac                AdminPacket
                0x0000000000100ff0                Ipv4PacketRed
                0x0000000000101034                IcmpPacketRed
                0x0000000000101080                ProcessAdminPacket
 .text          0x00000000001013ac      0x550 obj/default/TargetList.o
                0x00000000001013ac                InitializeTargetList
                0x0000000000101558                AddTarget
                0x000000000010171c                PrintTargetList
 .text          0x00000000001018fc      0x1c0 obj/default/circular_fifo.o
                0x00000000001018fc                initialize_fifo
                0x000000000010194c                available
                0x00000000001019ec                add_to_fifo
                0x0000000000101a54                remove_from_fifo
 .text          0x0000000000101abc       0x70 obj/default/hex.o
                0x0000000000101abc                hexInit
 .text          0x0000000000101b2c       0xf4 obj/default/lcd.o
                0x0000000000101b2c                lcdInit
 .text          0x0000000000101c20       0x68 obj/default/led.o
                0x0000000000101c20                ledInit
 .text          0x0000000000101c88      0x714 obj/default/mac.o
                0x0000000000101c88                macInit
                0x000000000010223c                macPrintRegs
 .text          0x000000000010239c     0x16a0 obj/default/main.o
                0x00000000001024c8                main
 .text          0x0000000000103a3c      0x11c obj/default/printpacket.o
                0x0000000000103a3c                PrintPacket
 .text          0x0000000000103b58      0x2b0 obj/default/sw.o
                0x0000000000103b58                swInit
                0x0000000000103be0                swPrintStatus
 .text          0x0000000000103e08      0x114 c:/altera/14.1/nios2eds/bin/gnu/h-x86_64-mingw32/bin/../lib/gcc/nios2-elf/4.8.3/mno-hw-mul\libgcc.a(lib2-divmod.o)
                0x0000000000103e78                __divsi3
                0x0000000000103ec0                __modsi3
                0x0000000000103f0c                __udivsi3
                0x0000000000103f14                __umodsi3
 .text          0x0000000000103f1c       0x28 c:/altera/14.1/nios2eds/bin/gnu/h-x86_64-mingw32/bin/../lib/gcc/nios2-elf/4.8.3/mno-hw-mul\libgcc.a(lib2-mul.o)
                0x0000000000103f1c                __mulsi3
 .text          0x0000000000103f44       0x28 c:/altera/14.1/nios2eds/bin/gnu/h-x86_64-mingw32/bin/../lib/gcc/nios2-elf/4.8.3/../../../../../H-x86_64-mingw32/nios2-elf/lib/mno-hw-mul\libc.a(lib_a-malloc.o)
                0x0000000000103f44                malloc
                0x0000000000103f58                free
 .text          0x0000000000103f6c      0x7c4 c:/altera/14.1/nios2eds/bin/gnu/h-x86_64-mingw32/bin/../lib/gcc/nios2-elf/4.8.3/../../../../../H-x86_64-mingw32/nios2-elf/lib/mno-hw-mul\libc.a(lib_a-mallocr.o)
                0x0000000000103f6c                _malloc_r
 .text          0x0000000000104730       0x68 c:/altera/14.1/nios2eds/bin/gnu/h-x86_64-mingw32/bin/../lib/gcc/nios2-elf/4.8.3/../../../../../H-x86_64-mingw32/nios2-elf/lib/mno-hw-mul\libc.a(lib_a-printf.o)
                0x0000000000104730                _printf_r
                0x000000000010475c                printf
 .text          0x0000000000104798       0x24 c:/altera/14.1/nios2eds/bin/gnu/h-x86_64-mingw32/bin/../lib/gcc/nios2-elf/4.8.3/../../../../../H-x86_64-mingw32/nios2-elf/lib/mno-hw-mul\libc.a(lib_a-putchar.o)
                0x0000000000104798                _putchar_r
                0x00000000001047a0                putchar
 .text          0x00000000001047bc       0xcc c:/altera/14.1/nios2eds/bin/gnu/h-x86_64-mingw32/bin/../lib/gcc/nios2-elf/4.8.3/../../../../../H-x86_64-mingw32/nios2-elf/lib/mno-hw-mul\libc.a(lib_a-puts.o)
                0x00000000001047bc                _puts_r
                0x0000000000104874                puts
 .text          0x0000000000104888       0x64 c:/altera/14.1/nios2eds/bin/gnu/h-x86_64-mingw32/bin/../lib/gcc/nios2-elf/4.8.3/../../../../../H-x86_64-mingw32/nios2-elf/lib/mno-hw-mul\libc.a(lib_a-sbrkr.o)
                0x0000000000104888                _sbrk_r
 .text          0x00000000001048ec       0xc4 c:/altera/14.1/nios2eds/bin/gnu/h-x86_64-mingw32/bin/../lib/gcc/nios2-elf/4.8.3/../../../../../H-x86_64-mingw32/nios2-elf/lib/mno-hw-mul\libc.a(lib_a-sprintf.o)
                0x00000000001048ec                _sprintf_r
                0x0000000000104944                sprintf
 .text          0x00000000001049b0       0x8c c:/altera/14.1/nios2eds/bin/gnu/h-x86_64-mingw32/bin/../lib/gcc/nios2-elf/4.8.3/../../../../../H-x86_64-mingw32/nios2-elf/lib/mno-hw-mul\libc.a(lib_a-strlen.o)
                0x00000000001049b0                strlen
 .text          0x0000000000104a3c     0x206c c:/altera/14.1/nios2eds/bin/gnu/h-x86_64-mingw32/bin/../lib/gcc/nios2-elf/4.8.3/../../../../../H-x86_64-mingw32/nios2-elf/lib/mno-hw-mul\libc.a(lib_a-svfprintf.o)
                0x0000000000104a3c                ___svfprintf_internal_r
 .text          0x0000000000106aa8     0x2178 c:/altera/14.1/nios2eds/bin/gnu/h-x86_64-mingw32/bin/../lib/gcc/nios2-elf/4.8.3/../../../../../H-x86_64-mingw32/nios2-elf/lib/mno-hw-mul\libc.a(lib_a-vfprintf.o)
                0x0000000000106aa8                ___vfprintf_internal_r
                0x0000000000108bfc                __vfprintf_internal
 .text          0x0000000000108c20      0x138 c:/altera/14.1/nios2eds/bin/gnu/h-x86_64-mingw32/bin/../lib/gcc/nios2-elf/4.8.3/../../../../../H-x86_64-mingw32/nios2-elf/lib/mno-hw-mul\libc.a(lib_a-wsetup.o)
                0x0000000000108c20                __swsetup_r
 .text          0x0000000000108d58     0x1864 c:/altera/14.1/nios2eds/bin/gnu/h-x86_64-mingw32/bin/../lib/gcc/nios2-elf/4.8.3/../../../../../H-x86_64-mingw32/nios2-elf/lib/mno-hw-mul\libc.a(lib_a-dtoa.o)
                0x0000000000108f80                _dtoa_r
 .text          0x000000000010a5bc      0x274 c:/altera/14.1/nios2eds/bin/gnu/h-x86_64-mingw32/bin/../lib/gcc/nios2-elf/4.8.3/../../../../../H-x86_64-mingw32/nios2-elf/lib/mno-hw-mul\libc.a(lib_a-fflush.o)
                0x000000000010a5bc                _fflush_r
                0x000000000010a800                fflush
 .text          0x000000000010a830      0x3a4 c:/altera/14.1/nios2eds/bin/gnu/h-x86_64-mingw32/bin/../lib/gcc/nios2-elf/4.8.3/../../../../../H-x86_64-mingw32/nios2-elf/lib/mno-hw-mul\libc.a(lib_a-findfp.o)
                0x000000000010a840                _cleanup_r
                0x000000000010a84c                __sfmoreglue
                0x000000000010a8c4                _cleanup
                0x000000000010a8dc                __sinit
                0x000000000010aa78                __sfp
                0x000000000010ab94                __sfp_lock_acquire
                0x000000000010ab98                __sfp_lock_release
                0x000000000010ab9c                __sinit_lock_acquire
                0x000000000010aba0                __sinit_lock_release
                0x000000000010aba4                __fp_lock_all
                0x000000000010abbc                __fp_unlock_all
 .text          0x000000000010abd4      0x40c c:/altera/14.1/nios2eds/bin/gnu/h-x86_64-mingw32/bin/../lib/gcc/nios2-elf/4.8.3/../../../../../H-x86_64-mingw32/nios2-elf/lib/mno-hw-mul\libc.a(lib_a-freer.o)
                0x000000000010abd4                _malloc_trim_r
                0x000000000010ad10                _free_r
 .text          0x000000000010afe0      0x4ac c:/altera/14.1/nios2eds/bin/gnu/h-x86_64-mingw32/bin/../lib/gcc/nios2-elf/4.8.3/../../../../../H-x86_64-mingw32/nios2-elf/lib/mno-hw-mul\libc.a(lib_a-fvwrite.o)
                0x000000000010afe0                __sfvwrite_r
 .text          0x000000000010b48c      0x160 c:/altera/14.1/nios2eds/bin/gnu/h-x86_64-mingw32/bin/../lib/gcc/nios2-elf/4.8.3/../../../../../H-x86_64-mingw32/nios2-elf/lib/mno-hw-mul\libc.a(lib_a-fwalk.o)
                0x000000000010b48c                _fwalk
                0x000000000010b534                _fwalk_reent
 .text          0x000000000010b5ec        0x0 c:/altera/14.1/nios2eds/bin/gnu/h-x86_64-mingw32/bin/../lib/gcc/nios2-elf/4.8.3/../../../../../H-x86_64-mingw32/nios2-elf/lib/mno-hw-mul\libc.a(lib_a-impure.o)
 .text          0x000000000010b5ec        0x0 c:/altera/14.1/nios2eds/bin/gnu/h-x86_64-mingw32/bin/../lib/gcc/nios2-elf/4.8.3/../../../../../H-x86_64-mingw32/nios2-elf/lib/mno-hw-mul\libc.a(lib_a-int_errno.o)
 .text          0x000000000010b5ec       0xd4 c:/altera/14.1/nios2eds/bin/gnu/h-x86_64-mingw32/bin/../lib/gcc/nios2-elf/4.8.3/../../../../../H-x86_64-mingw32/nios2-elf/lib/mno-hw-mul\libc.a(lib_a-locale.o)
                0x000000000010b5ec                _setlocale_r
                0x000000000010b65c                __locale_charset
                0x000000000010b668                __locale_mb_cur_max
                0x000000000010b678                __locale_msgcharset
                0x000000000010b684                __locale_cjk_lang
                0x000000000010b68c                _localeconv_r
                0x000000000010b698                setlocale
                0x000000000010b6b4                localeconv
 .text          0x000000000010b6c0      0x1b4 c:/altera/14.1/nios2eds/bin/gnu/h-x86_64-mingw32/bin/../lib/gcc/nios2-elf/4.8.3/../../../../../H-x86_64-mingw32/nios2-elf/lib/mno-hw-mul\libc.a(lib_a-makebuf.o)
                0x000000000010b6c0                __smakebuf_r
 .text          0x000000000010b874       0xe8 c:/altera/14.1/nios2eds/bin/gnu/h-x86_64-mingw32/bin/../lib/gcc/nios2-elf/4.8.3/../../../../../H-x86_64-mingw32/nios2-elf/lib/mno-hw-mul\libc.a(lib_a-memchr.o)
                0x000000000010b874                memchr
 .text          0x000000000010b95c      0x10c c:/altera/14.1/nios2eds/bin/gnu/h-x86_64-mingw32/bin/../lib/gcc/nios2-elf/4.8.3/../../../../../H-x86_64-mingw32/nios2-elf/lib/mno-hw-mul\libc.a(lib_a-memcpy.o)
                0x000000000010b95c                memcpy
 .text          0x000000000010ba68      0x13c c:/altera/14.1/nios2eds/bin/gnu/h-x86_64-mingw32/bin/../lib/gcc/nios2-elf/4.8.3/../../../../../H-x86_64-mingw32/nios2-elf/lib/mno-hw-mul\libc.a(lib_a-memmove.o)
                0x000000000010ba68                memmove
 .text          0x000000000010bba4      0x114 c:/altera/14.1/nios2eds/bin/gnu/h-x86_64-mingw32/bin/../lib/gcc/nios2-elf/4.8.3/../../../../../H-x86_64-mingw32/nios2-elf/lib/mno-hw-mul\libc.a(lib_a-memset.o)
                0x000000000010bba4                memset
 .text          0x000000000010bcb8     0x1028 c:/altera/14.1/nios2eds/bin/gnu/h-x86_64-mingw32/bin/../lib/gcc/nios2-elf/4.8.3/../../../../../H-x86_64-mingw32/nios2-elf/lib/mno-hw-mul\libc.a(lib_a-mprec.o)
                0x000000000010bcb8                _Balloc
                0x000000000010bd60                _Bfree
                0x000000000010bd88                __multadd
                0x000000000010becc                __s2b
                0x000000000010bfd0                __hi0bits
                0x000000000010c038                __lo0bits
                0x000000000010c0e8                __i2b
                0x000000000010c124                __multiply
                0x000000000010c390                __pow5mult
                0x000000000010c4d8                __lshift
                0x000000000010c628                __mcmp
                0x000000000010c688                __mdiff
                0x000000000010c838                __ulp
                0x000000000010c898                __b2d
                0x000000000010c988                __d2b
                0x000000000010cacc                __ratio
                0x000000000010cb6c                _mprec_log10
                0x000000000010cbe0                __copybits
                0x000000000010cc58                __any_on
 .text          0x000000000010cce0      0x16c c:/altera/14.1/nios2eds/bin/gnu/h-x86_64-mingw32/bin/../lib/gcc/nios2-elf/4.8.3/../../../../../H-x86_64-mingw32/nios2-elf/lib/mno-hw-mul\libc.a(lib_a-putc.o)
                0x000000000010cce0                _putc_r
                0x000000000010cd80                putc
 .text          0x000000000010ce4c      0x564 c:/altera/14.1/nios2eds/bin/gnu/h-x86_64-mingw32/bin/../lib/gcc/nios2-elf/4.8.3/../../../../../H-x86_64-mingw32/nios2-elf/lib/mno-hw-mul\libc.a(lib_a-reallocr.o)
                0x000000000010ce4c                _realloc_r
 .text          0x000000000010d3b0       0x68 c:/altera/14.1/nios2eds/bin/gnu/h-x86_64-mingw32/bin/../lib/gcc/nios2-elf/4.8.3/../../../../../H-x86_64-mingw32/nios2-elf/lib/mno-hw-mul\libc.a(lib_a-s_fpclassify.o)
                0x000000000010d3b0                __fpclassifyd
 .text          0x000000000010d418      0x13c c:/altera/14.1/nios2eds/bin/gnu/h-x86_64-mingw32/bin/../lib/gcc/nios2-elf/4.8.3/../../../../../H-x86_64-mingw32/nios2-elf/lib/mno-hw-mul\libc.a(lib_a-stdio.o)
                0x000000000010d418                __sread
                0x000000000010d46c                __seofread
                0x000000000010d474                __swrite
                0x000000000010d4f0                __sseek
                0x000000000010d54c                __sclose
 .text          0x000000000010d554       0xa4 c:/altera/14.1/nios2eds/bin/gnu/h-x86_64-mingw32/bin/../lib/gcc/nios2-elf/4.8.3/../../../../../H-x86_64-mingw32/nios2-elf/lib/mno-hw-mul\libc.a(lib_a-strcmp.o)
                0x000000000010d554                strcmp
 .text          0x000000000010d5f8     0x1390 c:/altera/14.1/nios2eds/bin/gnu/h-x86_64-mingw32/bin/../lib/gcc/nios2-elf/4.8.3/../../../../../H-x86_64-mingw32/nios2-elf/lib/mno-hw-mul\libc.a(lib_a-svfiprintf.o)
                0x000000000010d5f8                __ssprint_r
                0x000000000010d7c4                ___svfiprintf_internal_r
 .text          0x000000000010e988     0x1580 c:/altera/14.1/nios2eds/bin/gnu/h-x86_64-mingw32/bin/../lib/gcc/nios2-elf/4.8.3/../../../../../H-x86_64-mingw32/nios2-elf/lib/mno-hw-mul\libc.a(lib_a-vfiprintf.o)
                0x000000000010ea84                __sprint_r
                0x000000000010ea9c                ___vfiprintf_internal_r
                0x000000000010fee4                __vfiprintf_internal
 .text          0x000000000010ff08      0x19c c:/altera/14.1/nios2eds/bin/gnu/h-x86_64-mingw32/bin/../lib/gcc/nios2-elf/4.8.3/../../../../../H-x86_64-mingw32/nios2-elf/lib/mno-hw-mul\libc.a(lib_a-wbuf.o)
                0x000000000010ff08                __swbuf_r
                0x0000000000110088                __swbuf
 .text          0x00000000001100a4       0x6c c:/altera/14.1/nios2eds/bin/gnu/h-x86_64-mingw32/bin/../lib/gcc/nios2-elf/4.8.3/../../../../../H-x86_64-mingw32/nios2-elf/lib/mno-hw-mul\libc.a(lib_a-writer.o)
                0x00000000001100a4                _write_r
 .text          0x0000000000110110       0x64 c:/altera/14.1/nios2eds/bin/gnu/h-x86_64-mingw32/bin/../lib/gcc/nios2-elf/4.8.3/../../../../../H-x86_64-mingw32/nios2-elf/lib/mno-hw-mul\libc.a(closer.o)
                0x0000000000110110                _close_r
 .text          0x0000000000110174       0xd8 c:/altera/14.1/nios2eds/bin/gnu/h-x86_64-mingw32/bin/../lib/gcc/nios2-elf/4.8.3/../../../../../H-x86_64-mingw32/nios2-elf/lib/mno-hw-mul\libc.a(lib_a-callocr.o)
                0x0000000000110174                _calloc_r
 .text          0x000000000011024c      0x13c c:/altera/14.1/nios2eds/bin/gnu/h-x86_64-mingw32/bin/../lib/gcc/nios2-elf/4.8.3/../../../../../H-x86_64-mingw32/nios2-elf/lib/mno-hw-mul\libc.a(lib_a-fclose.o)
                0x000000000011024c                _fclose_r
                0x0000000000110374                fclose
 .text          0x0000000000110388      0x1fc c:/altera/14.1/nios2eds/bin/gnu/h-x86_64-mingw32/bin/../lib/gcc/nios2-elf/4.8.3/../../../../../H-x86_64-mingw32/nios2-elf/lib/mno-hw-mul\libc.a(lib_a-fputwc.o)
                0x0000000000110388                _fputwc_r
                0x000000000011050c                fputwc
 .text          0x0000000000110584       0x68 c:/altera/14.1/nios2eds/bin/gnu/h-x86_64-mingw32/bin/../lib/gcc/nios2-elf/4.8.3/../../../../../H-x86_64-mingw32/nios2-elf/lib/mno-hw-mul\libc.a(lib_a-fstatr.o)
                0x0000000000110584                _fstat_r
 .text          0x00000000001105ec       0x64 c:/altera/14.1/nios2eds/bin/gnu/h-x86_64-mingw32/bin/../lib/gcc/nios2-elf/4.8.3/../../../../../H-x86_64-mingw32/nios2-elf/lib/mno-hw-mul\libc.a(lib_a-isattyr.o)
                0x00000000001105ec                _isatty_r
 .text          0x0000000000110650       0x6c c:/altera/14.1/nios2eds/bin/gnu/h-x86_64-mingw32/bin/../lib/gcc/nios2-elf/4.8.3/../../../../../H-x86_64-mingw32/nios2-elf/lib/mno-hw-mul\libc.a(lib_a-lseekr.o)
                0x0000000000110650                _lseek_r
 .text          0x00000000001106bc       0x6c c:/altera/14.1/nios2eds/bin/gnu/h-x86_64-mingw32/bin/../lib/gcc/nios2-elf/4.8.3/../../../../../H-x86_64-mingw32/nios2-elf/lib/mno-hw-mul\libc.a(lib_a-readr.o)
                0x00000000001106bc                _read_r
 .text          0x0000000000110728      0x174 c:/altera/14.1/nios2eds/bin/gnu/h-x86_64-mingw32/bin/../lib/gcc/nios2-elf/4.8.3/../../../../../H-x86_64-mingw32/nios2-elf/lib/mno-hw-mul\libc.a(lib_a-wcrtomb.o)
                0x0000000000110728                _wcrtomb_r
                0x00000000001107c4                wcrtomb
 .text          0x000000000011089c       0x8c c:/altera/14.1/nios2eds/bin/gnu/h-x86_64-mingw32/bin/../lib/gcc/nios2-elf/4.8.3/../../../../../H-x86_64-mingw32/nios2-elf/lib/mno-hw-mul\libc.a(lib_a-wctomb_r.o)
                0x000000000011089c                __ascii_wctomb
                0x00000000001108cc                _wctomb_r
 .text          0x0000000000110928      0x654 c:/altera/14.1/nios2eds/bin/gnu/h-x86_64-mingw32/bin/../lib/gcc/nios2-elf/4.8.3/mno-hw-mul\libgcc.a(_udivdi3.o)
                0x0000000000110928                __udivdi3
 .text          0x0000000000110f7c      0x634 c:/altera/14.1/nios2eds/bin/gnu/h-x86_64-mingw32/bin/../lib/gcc/nios2-elf/4.8.3/mno-hw-mul\libgcc.a(_umoddi3.o)
                0x0000000000110f7c                __umoddi3
 .text          0x00000000001115b0      0x87c c:/altera/14.1/nios2eds/bin/gnu/h-x86_64-mingw32/bin/../lib/gcc/nios2-elf/4.8.3/mno-hw-mul\libgcc.a(adddf3.o)
                0x00000000001115b0                __adddf3
 .text          0x0000000000111e2c      0x99c c:/altera/14.1/nios2eds/bin/gnu/h-x86_64-mingw32/bin/../lib/gcc/nios2-elf/4.8.3/mno-hw-mul\libgcc.a(divdf3.o)
                0x0000000000111e2c                __divdf3
 .text          0x00000000001127c8       0x84 c:/altera/14.1/nios2eds/bin/gnu/h-x86_64-mingw32/bin/../lib/gcc/nios2-elf/4.8.3/mno-hw-mul\libgcc.a(eqdf2.o)
                0x00000000001127c8                __nedf2
                0x00000000001127c8                __eqdf2
 .text          0x000000000011284c       0xd8 c:/altera/14.1/nios2eds/bin/gnu/h-x86_64-mingw32/bin/../lib/gcc/nios2-elf/4.8.3/mno-hw-mul\libgcc.a(gedf2.o)
                0x000000000011284c                __gedf2
                0x000000000011284c                __gtdf2
 .text          0x0000000000112924       0xec c:/altera/14.1/nios2eds/bin/gnu/h-x86_64-mingw32/bin/../lib/gcc/nios2-elf/4.8.3/mno-hw-mul\libgcc.a(ledf2.o)
                0x0000000000112924                __ledf2
                0x0000000000112924                __ltdf2
 .text          0x0000000000112a10      0x800 c:/altera/14.1/nios2eds/bin/gnu/h-x86_64-mingw32/bin/../lib/gcc/nios2-elf/4.8.3/mno-hw-mul\libgcc.a(muldf3.o)
                0x0000000000112a10                __muldf3
 .text          0x0000000000113210      0x888 c:/altera/14.1/nios2eds/bin/gnu/h-x86_64-mingw32/bin/../lib/gcc/nios2-elf/4.8.3/mno-hw-mul\libgcc.a(subdf3.o)
                0x0000000000113210                __subdf3
 .text          0x0000000000113a98       0x80 c:/altera/14.1/nios2eds/bin/gnu/h-x86_64-mingw32/bin/../lib/gcc/nios2-elf/4.8.3/mno-hw-mul\libgcc.a(fixdfsi.o)
                0x0000000000113a98                __fixdfsi
 .text          0x0000000000113b18       0xd0 c:/altera/14.1/nios2eds/bin/gnu/h-x86_64-mingw32/bin/../lib/gcc/nios2-elf/4.8.3/mno-hw-mul\libgcc.a(floatsidf.o)
                0x0000000000113b18                __floatsidf
 .text          0x0000000000113be8       0xa0 c:/altera/14.1/nios2eds/bin/gnu/h-x86_64-mingw32/bin/../lib/gcc/nios2-elf/4.8.3/mno-hw-mul\libgcc.a(floatunsidf.o)
                0x0000000000113be8                __floatunsidf
 .text          0x0000000000113c88        0x0 c:/altera/14.1/nios2eds/bin/gnu/h-x86_64-mingw32/bin/../lib/gcc/nios2-elf/4.8.3/mno-hw-mul\libgcc.a(_clz.o)
 .text          0x0000000000113c88       0xac c:/altera/14.1/nios2eds/bin/gnu/h-x86_64-mingw32/bin/../lib/gcc/nios2-elf/4.8.3/mno-hw-mul\libgcc.a(_clzsi2.o)
                0x0000000000113c88                __clzsi2
 .text          0x0000000000113d34       0xe4 ../TEDv3_bsp/\libhal_bsp.a(alt_close.o)
                0x0000000000113d34                close
 .text          0x0000000000113e18        0x8 ../TEDv3_bsp/\libhal_bsp.a(alt_dev.o)
 .text          0x0000000000113e20        0x0 ../TEDv3_bsp/\libhal_bsp.a(alt_errno.o)
 .text          0x0000000000113e20        0x0 ../TEDv3_bsp/\libhal_bsp.a(alt_exception_muldiv.o)
 .text          0x0000000000113e20       0x94 ../TEDv3_bsp/\libhal_bsp.a(alt_fstat.o)
                0x0000000000113e20                fstat
 .text          0x0000000000113eb4       0xa8 ../TEDv3_bsp/\libhal_bsp.a(alt_isatty.o)
                0x0000000000113eb4                isatty
 .text          0x0000000000113f5c      0x114 ../TEDv3_bsp/\libhal_bsp.a(alt_load.o)
                0x0000000000113f5c                alt_load
 .text          0x0000000000114070       0x98 ../TEDv3_bsp/\libhal_bsp.a(alt_lseek.o)
                0x0000000000114070                lseek
 .text          0x0000000000114108       0x60 ../TEDv3_bsp/\libhal_bsp.a(alt_main.o)
                0x0000000000114108                alt_main
 .text          0x0000000000114168        0x8 ../TEDv3_bsp/\libhal_bsp.a(alt_malloc_lock.o)
                0x0000000000114168                __malloc_lock
                0x000000000011416c                __malloc_unlock
 .text          0x0000000000114170       0xfc ../TEDv3_bsp/\libhal_bsp.a(alt_read.o)
                0x0000000000114170                read
 .text          0x000000000011426c       0x5c ../TEDv3_bsp/\libhal_bsp.a(alt_release_fd.o)
                0x000000000011426c                alt_release_fd
 .text          0x00000000001142c8       0x4c ../TEDv3_bsp/\libhal_bsp.a(alt_sbrk.o)
                0x00000000001142c8                sbrk
 .text          0x0000000000114314       0xf8 ../TEDv3_bsp/\libhal_bsp.a(alt_write.o)
                0x0000000000114314                write
 .text          0x000000000011440c       0xf0 ../TEDv3_bsp/\libhal_bsp.a(alt_sys_init.o)
                0x000000000011440c                alt_irq_init
                0x000000000011442c                alt_sys_init
 .text          0x00000000001144fc       0x3c ../TEDv3_bsp/\libhal_bsp.a(altera_avalon_jtag_uart_fd.o)
                0x00000000001144fc                altera_avalon_jtag_uart_read_fd
                0x000000000011450c                altera_avalon_jtag_uart_write_fd
                0x000000000011451c                altera_avalon_jtag_uart_close_fd
                0x000000000011452c                altera_avalon_jtag_uart_ioctl_fd
 .text          0x0000000000114538      0x210 ../TEDv3_bsp/\libhal_bsp.a(altera_avalon_jtag_uart_init.o)
                0x0000000000114694                altera_avalon_jtag_uart_init
                0x0000000000114714                altera_avalon_jtag_uart_close
 .text          0x0000000000114748       0x74 ../TEDv3_bsp/\libhal_bsp.a(altera_avalon_jtag_uart_ioctl.o)
                0x0000000000114748                altera_avalon_jtag_uart_ioctl
 .text          0x00000000001147bc      0x13c ../TEDv3_bsp/\libhal_bsp.a(altera_avalon_jtag_uart_read.o)
                0x00000000001147bc                altera_avalon_jtag_uart_read
 .text          0x00000000001148f8      0x188 ../TEDv3_bsp/\libhal_bsp.a(altera_avalon_jtag_uart_write.o)
                0x00000000001148f8                altera_avalon_jtag_uart_write
 .text          0x0000000000114a80      0x680 ../TEDv3_bsp/\libhal_bsp.a(altera_avalon_sgdma.o)
                0x0000000000114adc                alt_avalon_sgdma_do_async_transfer
                0x0000000000114b64                alt_avalon_sgdma_do_sync_transfer
                0x0000000000114bec                alt_avalon_sgdma_register_callback
                0x0000000000114bfc                alt_avalon_sgdma_start
                0x0000000000114c14                alt_avalon_sgdma_stop
                0x0000000000114c30                alt_avalon_sgdma_check_descriptor_status
                0x0000000000114c5c                alt_avalon_sgdma_open
                0x0000000000114cc8                alt_avalon_sgdma_enable_desc_poll
                0x0000000000114cf8                alt_avalon_sgdma_disable_desc_poll
                0x0000000000114d18                alt_avalon_sgdma_construct_descriptor_burst
                0x0000000000114e7c                alt_avalon_sgdma_construct_mem_to_mem_desc_burst
                0x0000000000114ec4                alt_avalon_sgdma_construct_mem_to_mem_desc
                0x0000000000114f04                alt_avalon_sgdma_construct_stream_to_mem_desc_burst
                0x0000000000114f50                alt_avalon_sgdma_construct_stream_to_mem_desc
                0x0000000000114f98                alt_avalon_sgdma_construct_mem_to_stream_desc_burst
                0x0000000000114fe8                alt_avalon_sgdma_construct_mem_to_stream_desc
                0x0000000000115034                alt_avalon_sgdma_construct_descriptor
                0x000000000011507c                alt_avalon_sgdma_init
 .text          0x0000000000115100       0x8c ../TEDv3_bsp/\libhal_bsp.a(altera_avalon_timer_sc.o)
                0x000000000011513c                alt_avalon_timer_sc_init
 .text          0x000000000011518c      0x1f0 ../TEDv3_bsp/\libhal_bsp.a(altera_up_avalon_character_lcd.o)
                0x000000000011518c                get_DDRAM_addr
                0x00000000001151a0                alt_up_character_lcd_send_cmd
                0x00000000001151ac                alt_up_character_lcd_init
                0x00000000001151bc                alt_up_character_lcd_open_dev
                0x00000000001151c8                alt_up_character_lcd_write
                0x00000000001151e8                alt_up_character_lcd_string
                0x0000000000115210                alt_up_character_lcd_write_fd
                0x000000000011523c                alt_up_character_lcd_set_cursor_pos
                0x000000000011528c                alt_up_character_lcd_shift_cursor
                0x00000000001152d0                alt_up_character_lcd_shift_display
                0x0000000000115314                alt_up_character_lcd_erase_pos
                0x000000000011535c                alt_up_character_lcd_cursor_off
                0x000000000011536c                alt_up_character_lcd_cursor_blink_on
 .text          0x000000000011537c       0x94 ../TEDv3_bsp/\libhal_bsp.a(alt_alarm_start.o)
                0x000000000011537c                alt_alarm_start
 .text          0x0000000000115410        0x4 ../TEDv3_bsp/\libhal_bsp.a(alt_dcache_flush.o)
                0x0000000000115410                alt_dcache_flush
 .text          0x0000000000115414        0x4 ../TEDv3_bsp/\libhal_bsp.a(alt_dcache_flush_all.o)
                0x0000000000115414                alt_dcache_flush_all
 .text          0x0000000000115418       0x78 ../TEDv3_bsp/\libhal_bsp.a(alt_dev_llist_insert.o)
                0x0000000000115418                alt_dev_llist_insert
 .text          0x0000000000115490       0x64 ../TEDv3_bsp/\libhal_bsp.a(alt_do_ctors.o)
                0x0000000000115490                _do_ctors
 .text          0x00000000001154f4       0x64 ../TEDv3_bsp/\libhal_bsp.a(alt_do_dtors.o)
                0x00000000001154f4                _do_dtors
 .text          0x0000000000115558        0x0 ../TEDv3_bsp/\libhal_bsp.a(alt_exception_entry.o)
 .text          0x0000000000115558       0x90 ../TEDv3_bsp/\libhal_bsp.a(alt_find_dev.o)
                0x0000000000115558                alt_find_dev
 .text          0x00000000001155e8        0x4 ../TEDv3_bsp/\libhal_bsp.a(alt_icache_flush_all.o)
                0x00000000001155e8                alt_icache_flush_all
 .text          0x00000000001155ec       0x9c ../TEDv3_bsp/\libhal_bsp.a(alt_iic.o)
                0x00000000001155ec                alt_ic_isr_register
                0x00000000001155f0                alt_ic_irq_enable
                0x0000000000115630                alt_ic_irq_disable
                0x0000000000115670                alt_ic_irq_enabled
 .text          0x0000000000115688       0x78 ../TEDv3_bsp/\libhal_bsp.a(alt_iic_isr_register.o)
                0x0000000000115688                alt_iic_isr_register
 .text          0x0000000000115700      0x100 ../TEDv3_bsp/\libhal_bsp.a(alt_io_redirect.o)
                0x0000000000115788                alt_io_redirect
 .text          0x0000000000115800        0x0 ../TEDv3_bsp/\libhal_bsp.a(alt_irq_entry.o)
 .text          0x0000000000115800        0x0 ../TEDv3_bsp/\libhal_bsp.a(alt_irq_handler.o)
 .text          0x0000000000115800        0x0 ../TEDv3_bsp/\libhal_bsp.a(alt_irq_vars.o)
 .text          0x0000000000115800      0x184 ../TEDv3_bsp/\libhal_bsp.a(alt_open.o)
                0x0000000000115800                open
 .text          0x0000000000115984      0x124 ../TEDv3_bsp/\libhal_bsp.a(alt_tick.o)
                0x0000000000115984                alt_alarm_stop
                0x00000000001159b8                alt_tick
 .text          0x0000000000115aa8        0x8 ../TEDv3_bsp/\libhal_bsp.a(altera_nios2_qsys_irq.o)
                0x0000000000115aa8                altera_nios2_qsys_irq_init
 .text          0x0000000000115ab0       0xcc ../TEDv3_bsp/\libhal_bsp.a(alt_find_file.o)
                0x0000000000115ab0                alt_find_file
 .text          0x0000000000115b7c       0xac ../TEDv3_bsp/\libhal_bsp.a(alt_get_fd.o)
                0x0000000000115b7c                alt_get_fd
 .text          0x0000000000115c28       0x14 c:/altera/14.1/nios2eds/bin/gnu/h-x86_64-mingw32/bin/../lib/gcc/nios2-elf/4.8.3/../../../../../H-x86_64-mingw32/nios2-elf/lib/mno-hw-mul\libc.a(lib_a-atexit.o)
                0x0000000000115c28                atexit
 .text          0x0000000000115c3c       0x38 c:/altera/14.1/nios2eds/bin/gnu/h-x86_64-mingw32/bin/../lib/gcc/nios2-elf/4.8.3/../../../../../H-x86_64-mingw32/nios2-elf/lib/mno-hw-mul\libc.a(lib_a-exit.o)
                0x0000000000115c3c                exit
 .text          0x0000000000115c74       0x7c c:/altera/14.1/nios2eds/bin/gnu/h-x86_64-mingw32/bin/../lib/gcc/nios2-elf/4.8.3/../../../../../H-x86_64-mingw32/nios2-elf/lib/mno-hw-mul\libc.a(lib_a-memcmp.o)
                0x0000000000115c74                memcmp
 .text          0x0000000000115cf0      0x11c c:/altera/14.1/nios2eds/bin/gnu/h-x86_64-mingw32/bin/../lib/gcc/nios2-elf/4.8.3/../../../../../H-x86_64-mingw32/nios2-elf/lib/mno-hw-mul\libc.a(lib_a-__atexit.o)
                0x0000000000115cf0                __register_exitproc
 .text          0x0000000000115e0c      0x1a4 c:/altera/14.1/nios2eds/bin/gnu/h-x86_64-mingw32/bin/../lib/gcc/nios2-elf/4.8.3/../../../../../H-x86_64-mingw32/nios2-elf/lib/mno-hw-mul\libc.a(lib_a-__call_atexit.o)
                0x0000000000115e0c                __call_exitprocs
 .text          0x0000000000115fb0       0x14 ../TEDv3_bsp/\libhal_bsp.a(alt_exit.o)
                0x0000000000115fb0                _exit
 *(.gnu.warning.*)
 *(.fini)
                0x0000000000115fc4                PROVIDE (__etext, ABSOLUTE (.))
                0x0000000000115fc4                PROVIDE (_etext, ABSOLUTE (.))
                0x0000000000115fc4                PROVIDE (etext, ABSOLUTE (.))
 *(.eh_frame_hdr)
                0x0000000000115fc4                . = ALIGN (0x4)
                0x0000000000115fc4                PROVIDE (__preinit_array_start, ABSOLUTE (.))
 *(.preinit_array)
                0x0000000000115fc4                PROVIDE (__preinit_array_end, ABSOLUTE (.))
                0x0000000000115fc4                PROVIDE (__init_array_start, ABSOLUTE (.))
 *(.init_array)
                0x0000000000115fc4                PROVIDE (__init_array_end, ABSOLUTE (.))
                0x0000000000115fc4                PROVIDE (__fini_array_start, ABSOLUTE (.))
 *(.fini_array)
                0x0000000000115fc4                PROVIDE (__fini_array_end, ABSOLUTE (.))
 *(.eh_frame)
 *(.gcc_except_table .gcc_except_table.*)
 *(.dynamic)
                0x0000000000115fc4                PROVIDE (__CTOR_LIST__, ABSOLUTE (.))
 *(.ctors)
 *(SORT(.ctors.*))
                0x0000000000115fc4                PROVIDE (__CTOR_END__, ABSOLUTE (.))
                0x0000000000115fc4                PROVIDE (__DTOR_LIST__, ABSOLUTE (.))
 *(.dtors)
 *(SORT(.dtors.*))
                0x0000000000115fc4                PROVIDE (__DTOR_END__, ABSOLUTE (.))
 *(.jcr)
                0x0000000000115fc4                . = ALIGN (0x4)

.rodata         0x0000000000115fc4      0xc4c
                0x0000000000115fc4                PROVIDE (__ram_rodata_start, ABSOLUTE (.))
                0x0000000000115fc4                . = ALIGN (0x4)
 *(.rodata .rodata.* .gnu.linkonce.r.*)
 .rodata        0x0000000000115fc4       0x20 obj/default/PacketProcessor_Red_Rx.o
 .rodata        0x0000000000115fe4       0x6c obj/default/TargetList.o
 .rodata        0x0000000000116050       0x48 obj/default/hex.o
 .rodata        0x0000000000116098       0x68 obj/default/lcd.o
 .rodata        0x0000000000116100       0x48 obj/default/led.o
 .rodata        0x0000000000116148      0x2f0 obj/default/mac.o
 .rodata        0x0000000000116438      0x178 obj/default/main.o
 .rodata        0x00000000001165b0       0x9c obj/default/printpacket.o
 .rodata        0x000000000011664c      0x258 obj/default/sw.o
 .rodata.str1.4
                0x00000000001168a4        0x2 c:/altera/14.1/nios2eds/bin/gnu/h-x86_64-mingw32/bin/../lib/gcc/nios2-elf/4.8.3/../../../../../H-x86_64-mingw32/nios2-elf/lib/mno-hw-mul\libc.a(lib_a-puts.o)
                                          0x4 (size before relaxing)
 *fill*         0x00000000001168a6        0x2 
 .rodata.str1.4
                0x00000000001168a8       0x42 c:/altera/14.1/nios2eds/bin/gnu/h-x86_64-mingw32/bin/../lib/gcc/nios2-elf/4.8.3/../../../../../H-x86_64-mingw32/nios2-elf/lib/mno-hw-mul\libc.a(lib_a-svfprintf.o)
                                         0x44 (size before relaxing)
 .rodata        0x00000000001168ea       0x20 c:/altera/14.1/nios2eds/bin/gnu/h-x86_64-mingw32/bin/../lib/gcc/nios2-elf/4.8.3/../../../../../H-x86_64-mingw32/nios2-elf/lib/mno-hw-mul\libc.a(lib_a-svfprintf.o)
 .rodata.str1.4
                0x0000000000000000       0x44 c:/altera/14.1/nios2eds/bin/gnu/h-x86_64-mingw32/bin/../lib/gcc/nios2-elf/4.8.3/../../../../../H-x86_64-mingw32/nios2-elf/lib/mno-hw-mul\libc.a(lib_a-vfprintf.o)
 .rodata        0x000000000011690a       0x20 c:/altera/14.1/nios2eds/bin/gnu/h-x86_64-mingw32/bin/../lib/gcc/nios2-elf/4.8.3/../../../../../H-x86_64-mingw32/nios2-elf/lib/mno-hw-mul\libc.a(lib_a-vfprintf.o)
 *fill*         0x000000000011692a        0x2 
 .rodata.str1.4
                0x000000000011692c       0x10 c:/altera/14.1/nios2eds/bin/gnu/h-x86_64-mingw32/bin/../lib/gcc/nios2-elf/4.8.3/../../../../../H-x86_64-mingw32/nios2-elf/lib/mno-hw-mul\libc.a(lib_a-dtoa.o)
                                         0x14 (size before relaxing)
 .rodata.str1.4
                0x000000000011693c        0x2 c:/altera/14.1/nios2eds/bin/gnu/h-x86_64-mingw32/bin/../lib/gcc/nios2-elf/4.8.3/../../../../../H-x86_64-mingw32/nios2-elf/lib/mno-hw-mul\libc.a(lib_a-impure.o)
                                          0x4 (size before relaxing)
 *fill*         0x000000000011693e        0x2 
 .rodata.str1.4
                0x0000000000116940        0xa c:/altera/14.1/nios2eds/bin/gnu/h-x86_64-mingw32/bin/../lib/gcc/nios2-elf/4.8.3/../../../../../H-x86_64-mingw32/nios2-elf/lib/mno-hw-mul\libc.a(lib_a-locale.o)
                                         0x14 (size before relaxing)
 *fill*         0x000000000011694a        0x2 
 .rodata        0x000000000011694c      0x124 c:/altera/14.1/nios2eds/bin/gnu/h-x86_64-mingw32/bin/../lib/gcc/nios2-elf/4.8.3/../../../../../H-x86_64-mingw32/nios2-elf/lib/mno-hw-mul\libc.a(lib_a-mprec.o)
                0x0000000000116958                __mprec_tinytens
                0x0000000000116980                __mprec_bigtens
                0x00000000001169a8                __mprec_tens
 .rodata.str1.4
                0x0000000000000000       0x30 c:/altera/14.1/nios2eds/bin/gnu/h-x86_64-mingw32/bin/../lib/gcc/nios2-elf/4.8.3/../../../../../H-x86_64-mingw32/nios2-elf/lib/mno-hw-mul\libc.a(lib_a-svfiprintf.o)
 .rodata        0x0000000000116a70       0x20 c:/altera/14.1/nios2eds/bin/gnu/h-x86_64-mingw32/bin/../lib/gcc/nios2-elf/4.8.3/../../../../../H-x86_64-mingw32/nios2-elf/lib/mno-hw-mul\libc.a(lib_a-svfiprintf.o)
 .rodata.str1.4
                0x0000000000000000       0x30 c:/altera/14.1/nios2eds/bin/gnu/h-x86_64-mingw32/bin/../lib/gcc/nios2-elf/4.8.3/../../../../../H-x86_64-mingw32/nios2-elf/lib/mno-hw-mul\libc.a(lib_a-vfiprintf.o)
 .rodata        0x0000000000116a90       0x20 c:/altera/14.1/nios2eds/bin/gnu/h-x86_64-mingw32/bin/../lib/gcc/nios2-elf/4.8.3/../../../../../H-x86_64-mingw32/nios2-elf/lib/mno-hw-mul\libc.a(lib_a-vfiprintf.o)
 .rodata        0x0000000000116ab0      0x100 c:/altera/14.1/nios2eds/bin/gnu/h-x86_64-mingw32/bin/../lib/gcc/nios2-elf/4.8.3/mno-hw-mul\libgcc.a(_clz.o)
                0x0000000000116ab0                __clz_tab
 .rodata.str1.4
                0x0000000000116bb0        0xa ../TEDv3_bsp/\libhal_bsp.a(alt_dev.o)
                                          0xc (size before relaxing)
 *fill*         0x0000000000116bba        0x2 
 .rodata.str1.4
                0x0000000000116bbc        0xf ../TEDv3_bsp/\libhal_bsp.a(alt_main.o)
                                         0x10 (size before relaxing)
 *fill*         0x0000000000116bcb        0x1 
 .rodata.str1.4
                0x0000000000116bcc       0x44 ../TEDv3_bsp/\libhal_bsp.a(alt_sys_init.o)
                                         0x54 (size before relaxing)
 *(.rodata1)
                0x0000000000116c10                . = ALIGN (0x4)
                0x0000000000116c10                PROVIDE (__ram_rodata_end, ABSOLUTE (.))
                0x0000000000115fc4                PROVIDE (__flash_rodata_start, LOADADDR (.rodata))

.rwdata         0x0000000000116c10     0x1bfc load address 0x000000000011880c
                0x0000000000116c10                PROVIDE (__ram_rwdata_start, ABSOLUTE (.))
                0x0000000000116c10                . = ALIGN (0x4)
 *(.got.plt)
 *(.got)
 *(.data1)
 *(.data .data.* .gnu.linkonce.d.*)
 .data          0x0000000000116c10        0x0 ../TEDv3_bsp//obj/HAL/src/crt0.o
 .data          0x0000000000116c10        0x0 obj/default/DecryptCheck.o
 .data          0x0000000000116c10        0x0 obj/default/EncryptCheck.o
 .data          0x0000000000116c10        0x0 obj/default/PacketProcessor_Black_Rx.o
 .data          0x0000000000116c10        0x0 obj/default/PacketProcessor_Red_Rx.o
 .data          0x0000000000116c10        0x0 obj/default/TargetList.o
 .data          0x0000000000116c10        0x0 obj/default/circular_fifo.o
 .data          0x0000000000116c10        0x0 obj/default/hex.o
 .data          0x0000000000116c10        0x0 obj/default/lcd.o
 .data          0x0000000000116c10        0x0 obj/default/led.o
 .data          0x0000000000116c10        0x0 obj/default/mac.o
 .data          0x0000000000116c10        0x0 obj/default/main.o
 .data          0x0000000000116c10        0x0 obj/default/printpacket.o
 .data          0x0000000000116c10        0x0 obj/default/sw.o
 .data          0x0000000000116c10        0x0 c:/altera/14.1/nios2eds/bin/gnu/h-x86_64-mingw32/bin/../lib/gcc/nios2-elf/4.8.3/mno-hw-mul\libgcc.a(lib2-divmod.o)
 .data          0x0000000000116c10        0x0 c:/altera/14.1/nios2eds/bin/gnu/h-x86_64-mingw32/bin/../lib/gcc/nios2-elf/4.8.3/mno-hw-mul\libgcc.a(lib2-mul.o)
 .data          0x0000000000116c10        0x0 c:/altera/14.1/nios2eds/bin/gnu/h-x86_64-mingw32/bin/../lib/gcc/nios2-elf/4.8.3/../../../../../H-x86_64-mingw32/nios2-elf/lib/mno-hw-mul\libc.a(lib_a-malloc.o)
 .data          0x0000000000116c10      0x408 c:/altera/14.1/nios2eds/bin/gnu/h-x86_64-mingw32/bin/../lib/gcc/nios2-elf/4.8.3/../../../../../H-x86_64-mingw32/nios2-elf/lib/mno-hw-mul\libc.a(lib_a-mallocr.o)
                0x0000000000116c10                __malloc_av_
 .data          0x0000000000117018        0x0 c:/altera/14.1/nios2eds/bin/gnu/h-x86_64-mingw32/bin/../lib/gcc/nios2-elf/4.8.3/../../../../../H-x86_64-mingw32/nios2-elf/lib/mno-hw-mul\libc.a(lib_a-printf.o)
 .data          0x0000000000117018        0x0 c:/altera/14.1/nios2eds/bin/gnu/h-x86_64-mingw32/bin/../lib/gcc/nios2-elf/4.8.3/../../../../../H-x86_64-mingw32/nios2-elf/lib/mno-hw-mul\libc.a(lib_a-putchar.o)
 .data          0x0000000000117018        0x0 c:/altera/14.1/nios2eds/bin/gnu/h-x86_64-mingw32/bin/../lib/gcc/nios2-elf/4.8.3/../../../../../H-x86_64-mingw32/nios2-elf/lib/mno-hw-mul\libc.a(lib_a-puts.o)
 .data          0x0000000000117018        0x0 c:/altera/14.1/nios2eds/bin/gnu/h-x86_64-mingw32/bin/../lib/gcc/nios2-elf/4.8.3/../../../../../H-x86_64-mingw32/nios2-elf/lib/mno-hw-mul\libc.a(lib_a-sbrkr.o)
 .data          0x0000000000117018        0x0 c:/altera/14.1/nios2eds/bin/gnu/h-x86_64-mingw32/bin/../lib/gcc/nios2-elf/4.8.3/../../../../../H-x86_64-mingw32/nios2-elf/lib/mno-hw-mul\libc.a(lib_a-sprintf.o)
 .data          0x0000000000117018        0x0 c:/altera/14.1/nios2eds/bin/gnu/h-x86_64-mingw32/bin/../lib/gcc/nios2-elf/4.8.3/../../../../../H-x86_64-mingw32/nios2-elf/lib/mno-hw-mul\libc.a(lib_a-strlen.o)
 .data          0x0000000000117018        0x0 c:/altera/14.1/nios2eds/bin/gnu/h-x86_64-mingw32/bin/../lib/gcc/nios2-elf/4.8.3/../../../../../H-x86_64-mingw32/nios2-elf/lib/mno-hw-mul\libc.a(lib_a-svfprintf.o)
 .data          0x0000000000117018        0x0 c:/altera/14.1/nios2eds/bin/gnu/h-x86_64-mingw32/bin/../lib/gcc/nios2-elf/4.8.3/../../../../../H-x86_64-mingw32/nios2-elf/lib/mno-hw-mul\libc.a(lib_a-vfprintf.o)
 .data          0x0000000000117018        0x0 c:/altera/14.1/nios2eds/bin/gnu/h-x86_64-mingw32/bin/../lib/gcc/nios2-elf/4.8.3/../../../../../H-x86_64-mingw32/nios2-elf/lib/mno-hw-mul\libc.a(lib_a-wsetup.o)
 .data          0x0000000000117018        0x0 c:/altera/14.1/nios2eds/bin/gnu/h-x86_64-mingw32/bin/../lib/gcc/nios2-elf/4.8.3/../../../../../H-x86_64-mingw32/nios2-elf/lib/mno-hw-mul\libc.a(lib_a-dtoa.o)
 .data          0x0000000000117018        0x0 c:/altera/14.1/nios2eds/bin/gnu/h-x86_64-mingw32/bin/../lib/gcc/nios2-elf/4.8.3/../../../../../H-x86_64-mingw32/nios2-elf/lib/mno-hw-mul\libc.a(lib_a-fflush.o)
 .data          0x0000000000117018        0x0 c:/altera/14.1/nios2eds/bin/gnu/h-x86_64-mingw32/bin/../lib/gcc/nios2-elf/4.8.3/../../../../../H-x86_64-mingw32/nios2-elf/lib/mno-hw-mul\libc.a(lib_a-findfp.o)
 .data          0x0000000000117018        0x0 c:/altera/14.1/nios2eds/bin/gnu/h-x86_64-mingw32/bin/../lib/gcc/nios2-elf/4.8.3/../../../../../H-x86_64-mingw32/nios2-elf/lib/mno-hw-mul\libc.a(lib_a-freer.o)
 .data          0x0000000000117018        0x0 c:/altera/14.1/nios2eds/bin/gnu/h-x86_64-mingw32/bin/../lib/gcc/nios2-elf/4.8.3/../../../../../H-x86_64-mingw32/nios2-elf/lib/mno-hw-mul\libc.a(lib_a-fvwrite.o)
 .data          0x0000000000117018        0x0 c:/altera/14.1/nios2eds/bin/gnu/h-x86_64-mingw32/bin/../lib/gcc/nios2-elf/4.8.3/../../../../../H-x86_64-mingw32/nios2-elf/lib/mno-hw-mul\libc.a(lib_a-fwalk.o)
 .data          0x0000000000117018      0x424 c:/altera/14.1/nios2eds/bin/gnu/h-x86_64-mingw32/bin/../lib/gcc/nios2-elf/4.8.3/../../../../../H-x86_64-mingw32/nios2-elf/lib/mno-hw-mul\libc.a(lib_a-impure.o)
 .data          0x000000000011743c        0x0 c:/altera/14.1/nios2eds/bin/gnu/h-x86_64-mingw32/bin/../lib/gcc/nios2-elf/4.8.3/../../../../../H-x86_64-mingw32/nios2-elf/lib/mno-hw-mul\libc.a(lib_a-int_errno.o)
 .data          0x000000000011743c       0x78 c:/altera/14.1/nios2eds/bin/gnu/h-x86_64-mingw32/bin/../lib/gcc/nios2-elf/4.8.3/../../../../../H-x86_64-mingw32/nios2-elf/lib/mno-hw-mul\libc.a(lib_a-locale.o)
 .data          0x00000000001174b4        0x0 c:/altera/14.1/nios2eds/bin/gnu/h-x86_64-mingw32/bin/../lib/gcc/nios2-elf/4.8.3/../../../../../H-x86_64-mingw32/nios2-elf/lib/mno-hw-mul\libc.a(lib_a-makebuf.o)
 .data          0x00000000001174b4        0x0 c:/altera/14.1/nios2eds/bin/gnu/h-x86_64-mingw32/bin/../lib/gcc/nios2-elf/4.8.3/../../../../../H-x86_64-mingw32/nios2-elf/lib/mno-hw-mul\libc.a(lib_a-memchr.o)
 .data          0x00000000001174b4        0x0 c:/altera/14.1/nios2eds/bin/gnu/h-x86_64-mingw32/bin/../lib/gcc/nios2-elf/4.8.3/../../../../../H-x86_64-mingw32/nios2-elf/lib/mno-hw-mul\libc.a(lib_a-memcpy.o)
 .data          0x00000000001174b4        0x0 c:/altera/14.1/nios2eds/bin/gnu/h-x86_64-mingw32/bin/../lib/gcc/nios2-elf/4.8.3/../../../../../H-x86_64-mingw32/nios2-elf/lib/mno-hw-mul\libc.a(lib_a-memmove.o)
 .data          0x00000000001174b4        0x0 c:/altera/14.1/nios2eds/bin/gnu/h-x86_64-mingw32/bin/../lib/gcc/nios2-elf/4.8.3/../../../../../H-x86_64-mingw32/nios2-elf/lib/mno-hw-mul\libc.a(lib_a-memset.o)
 .data          0x00000000001174b4        0x0 c:/altera/14.1/nios2eds/bin/gnu/h-x86_64-mingw32/bin/../lib/gcc/nios2-elf/4.8.3/../../../../../H-x86_64-mingw32/nios2-elf/lib/mno-hw-mul\libc.a(lib_a-mprec.o)
 .data          0x00000000001174b4        0x0 c:/altera/14.1/nios2eds/bin/gnu/h-x86_64-mingw32/bin/../lib/gcc/nios2-elf/4.8.3/../../../../../H-x86_64-mingw32/nios2-elf/lib/mno-hw-mul\libc.a(lib_a-putc.o)
 .data          0x00000000001174b4        0x0 c:/altera/14.1/nios2eds/bin/gnu/h-x86_64-mingw32/bin/../lib/gcc/nios2-elf/4.8.3/../../../../../H-x86_64-mingw32/nios2-elf/lib/mno-hw-mul\libc.a(lib_a-reallocr.o)
 .data          0x00000000001174b4        0x0 c:/altera/14.1/nios2eds/bin/gnu/h-x86_64-mingw32/bin/../lib/gcc/nios2-elf/4.8.3/../../../../../H-x86_64-mingw32/nios2-elf/lib/mno-hw-mul\libc.a(lib_a-s_fpclassify.o)
 .data          0x00000000001174b4        0x0 c:/altera/14.1/nios2eds/bin/gnu/h-x86_64-mingw32/bin/../lib/gcc/nios2-elf/4.8.3/../../../../../H-x86_64-mingw32/nios2-elf/lib/mno-hw-mul\libc.a(lib_a-stdio.o)
 .data          0x00000000001174b4        0x0 c:/altera/14.1/nios2eds/bin/gnu/h-x86_64-mingw32/bin/../lib/gcc/nios2-elf/4.8.3/../../../../../H-x86_64-mingw32/nios2-elf/lib/mno-hw-mul\libc.a(lib_a-strcmp.o)
 .data          0x00000000001174b4        0x0 c:/altera/14.1/nios2eds/bin/gnu/h-x86_64-mingw32/bin/../lib/gcc/nios2-elf/4.8.3/../../../../../H-x86_64-mingw32/nios2-elf/lib/mno-hw-mul\libc.a(lib_a-svfiprintf.o)
 .data          0x00000000001174b4        0x0 c:/altera/14.1/nios2eds/bin/gnu/h-x86_64-mingw32/bin/../lib/gcc/nios2-elf/4.8.3/../../../../../H-x86_64-mingw32/nios2-elf/lib/mno-hw-mul\libc.a(lib_a-vfiprintf.o)
 .data          0x00000000001174b4        0x0 c:/altera/14.1/nios2eds/bin/gnu/h-x86_64-mingw32/bin/../lib/gcc/nios2-elf/4.8.3/../../../../../H-x86_64-mingw32/nios2-elf/lib/mno-hw-mul\libc.a(lib_a-wbuf.o)
 .data          0x00000000001174b4        0x0 c:/altera/14.1/nios2eds/bin/gnu/h-x86_64-mingw32/bin/../lib/gcc/nios2-elf/4.8.3/../../../../../H-x86_64-mingw32/nios2-elf/lib/mno-hw-mul\libc.a(lib_a-writer.o)
 .data          0x00000000001174b4        0x0 c:/altera/14.1/nios2eds/bin/gnu/h-x86_64-mingw32/bin/../lib/gcc/nios2-elf/4.8.3/../../../../../H-x86_64-mingw32/nios2-elf/lib/mno-hw-mul\libc.a(closer.o)
 .data          0x00000000001174b4        0x0 c:/altera/14.1/nios2eds/bin/gnu/h-x86_64-mingw32/bin/../lib/gcc/nios2-elf/4.8.3/../../../../../H-x86_64-mingw32/nios2-elf/lib/mno-hw-mul\libc.a(lib_a-callocr.o)
 .data          0x00000000001174b4        0x0 c:/altera/14.1/nios2eds/bin/gnu/h-x86_64-mingw32/bin/../lib/gcc/nios2-elf/4.8.3/../../../../../H-x86_64-mingw32/nios2-elf/lib/mno-hw-mul\libc.a(lib_a-fclose.o)
 .data          0x00000000001174b4        0x0 c:/altera/14.1/nios2eds/bin/gnu/h-x86_64-mingw32/bin/../lib/gcc/nios2-elf/4.8.3/../../../../../H-x86_64-mingw32/nios2-elf/lib/mno-hw-mul\libc.a(lib_a-fputwc.o)
 .data          0x00000000001174b4        0x0 c:/altera/14.1/nios2eds/bin/gnu/h-x86_64-mingw32/bin/../lib/gcc/nios2-elf/4.8.3/../../../../../H-x86_64-mingw32/nios2-elf/lib/mno-hw-mul\libc.a(lib_a-fstatr.o)
 .data          0x00000000001174b4        0x0 c:/altera/14.1/nios2eds/bin/gnu/h-x86_64-mingw32/bin/../lib/gcc/nios2-elf/4.8.3/../../../../../H-x86_64-mingw32/nios2-elf/lib/mno-hw-mul\libc.a(lib_a-isattyr.o)
 .data          0x00000000001174b4        0x0 c:/altera/14.1/nios2eds/bin/gnu/h-x86_64-mingw32/bin/../lib/gcc/nios2-elf/4.8.3/../../../../../H-x86_64-mingw32/nios2-elf/lib/mno-hw-mul\libc.a(lib_a-lseekr.o)
 .data          0x00000000001174b4        0x0 c:/altera/14.1/nios2eds/bin/gnu/h-x86_64-mingw32/bin/../lib/gcc/nios2-elf/4.8.3/../../../../../H-x86_64-mingw32/nios2-elf/lib/mno-hw-mul\libc.a(lib_a-readr.o)
 .data          0x00000000001174b4        0x0 c:/altera/14.1/nios2eds/bin/gnu/h-x86_64-mingw32/bin/../lib/gcc/nios2-elf/4.8.3/../../../../../H-x86_64-mingw32/nios2-elf/lib/mno-hw-mul\libc.a(lib_a-wcrtomb.o)
 .data          0x00000000001174b4        0x0 c:/altera/14.1/nios2eds/bin/gnu/h-x86_64-mingw32/bin/../lib/gcc/nios2-elf/4.8.3/../../../../../H-x86_64-mingw32/nios2-elf/lib/mno-hw-mul\libc.a(lib_a-wctomb_r.o)
 .data          0x00000000001174b4        0x0 c:/altera/14.1/nios2eds/bin/gnu/h-x86_64-mingw32/bin/../lib/gcc/nios2-elf/4.8.3/mno-hw-mul\libgcc.a(_udivdi3.o)
 .data          0x00000000001174b4        0x0 c:/altera/14.1/nios2eds/bin/gnu/h-x86_64-mingw32/bin/../lib/gcc/nios2-elf/4.8.3/mno-hw-mul\libgcc.a(_umoddi3.o)
 .data          0x00000000001174b4        0x0 c:/altera/14.1/nios2eds/bin/gnu/h-x86_64-mingw32/bin/../lib/gcc/nios2-elf/4.8.3/mno-hw-mul\libgcc.a(adddf3.o)
 .data          0x00000000001174b4        0x0 c:/altera/14.1/nios2eds/bin/gnu/h-x86_64-mingw32/bin/../lib/gcc/nios2-elf/4.8.3/mno-hw-mul\libgcc.a(divdf3.o)
 .data          0x00000000001174b4        0x0 c:/altera/14.1/nios2eds/bin/gnu/h-x86_64-mingw32/bin/../lib/gcc/nios2-elf/4.8.3/mno-hw-mul\libgcc.a(eqdf2.o)
 .data          0x00000000001174b4        0x0 c:/altera/14.1/nios2eds/bin/gnu/h-x86_64-mingw32/bin/../lib/gcc/nios2-elf/4.8.3/mno-hw-mul\libgcc.a(gedf2.o)
 .data          0x00000000001174b4        0x0 c:/altera/14.1/nios2eds/bin/gnu/h-x86_64-mingw32/bin/../lib/gcc/nios2-elf/4.8.3/mno-hw-mul\libgcc.a(ledf2.o)
 .data          0x00000000001174b4        0x0 c:/altera/14.1/nios2eds/bin/gnu/h-x86_64-mingw32/bin/../lib/gcc/nios2-elf/4.8.3/mno-hw-mul\libgcc.a(muldf3.o)
 .data          0x00000000001174b4        0x0 c:/altera/14.1/nios2eds/bin/gnu/h-x86_64-mingw32/bin/../lib/gcc/nios2-elf/4.8.3/mno-hw-mul\libgcc.a(subdf3.o)
 .data          0x00000000001174b4        0x0 c:/altera/14.1/nios2eds/bin/gnu/h-x86_64-mingw32/bin/../lib/gcc/nios2-elf/4.8.3/mno-hw-mul\libgcc.a(fixdfsi.o)
 .data          0x00000000001174b4        0x0 c:/altera/14.1/nios2eds/bin/gnu/h-x86_64-mingw32/bin/../lib/gcc/nios2-elf/4.8.3/mno-hw-mul\libgcc.a(floatsidf.o)
 .data          0x00000000001174b4        0x0 c:/altera/14.1/nios2eds/bin/gnu/h-x86_64-mingw32/bin/../lib/gcc/nios2-elf/4.8.3/mno-hw-mul\libgcc.a(floatunsidf.o)
 .data          0x00000000001174b4        0x0 c:/altera/14.1/nios2eds/bin/gnu/h-x86_64-mingw32/bin/../lib/gcc/nios2-elf/4.8.3/mno-hw-mul\libgcc.a(_clz.o)
 .data          0x00000000001174b4        0x0 c:/altera/14.1/nios2eds/bin/gnu/h-x86_64-mingw32/bin/../lib/gcc/nios2-elf/4.8.3/mno-hw-mul\libgcc.a(_clzsi2.o)
 .data          0x00000000001174b4        0x0 ../TEDv3_bsp/\libhal_bsp.a(alt_close.o)
 .data          0x00000000001174b4      0x1a8 ../TEDv3_bsp/\libhal_bsp.a(alt_dev.o)
                0x00000000001174b4                alt_fd_list
                0x0000000000117634                alt_dev_null
 .data          0x000000000011765c        0x0 ../TEDv3_bsp/\libhal_bsp.a(alt_errno.o)
 .data          0x000000000011765c        0x0 ../TEDv3_bsp/\libhal_bsp.a(alt_exception_muldiv.o)
 .data          0x000000000011765c        0x0 ../TEDv3_bsp/\libhal_bsp.a(alt_fstat.o)
 .data          0x000000000011765c        0x0 ../TEDv3_bsp/\libhal_bsp.a(alt_isatty.o)
 .data          0x000000000011765c        0x0 ../TEDv3_bsp/\libhal_bsp.a(alt_load.o)
 .data          0x000000000011765c        0x0 ../TEDv3_bsp/\libhal_bsp.a(alt_lseek.o)
 .data          0x000000000011765c        0x0 ../TEDv3_bsp/\libhal_bsp.a(alt_main.o)
 .data          0x000000000011765c        0x0 ../TEDv3_bsp/\libhal_bsp.a(alt_malloc_lock.o)
 .data          0x000000000011765c        0x0 ../TEDv3_bsp/\libhal_bsp.a(alt_read.o)
 .data          0x000000000011765c        0x0 ../TEDv3_bsp/\libhal_bsp.a(alt_release_fd.o)
 .data          0x000000000011765c        0x0 ../TEDv3_bsp/\libhal_bsp.a(alt_sbrk.o)
 .data          0x000000000011765c        0x0 ../TEDv3_bsp/\libhal_bsp.a(alt_write.o)
 .data          0x000000000011765c     0x114c ../TEDv3_bsp/\libhal_bsp.a(alt_sys_init.o)
 .data          0x00000000001187a8        0x0 ../TEDv3_bsp/\libhal_bsp.a(altera_avalon_jtag_uart_fd.o)
 .data          0x00000000001187a8        0x0 ../TEDv3_bsp/\libhal_bsp.a(altera_avalon_jtag_uart_init.o)
 .data          0x00000000001187a8        0x0 ../TEDv3_bsp/\libhal_bsp.a(altera_avalon_jtag_uart_ioctl.o)
 .data          0x00000000001187a8        0x0 ../TEDv3_bsp/\libhal_bsp.a(altera_avalon_jtag_uart_read.o)
 .data          0x00000000001187a8        0x0 ../TEDv3_bsp/\libhal_bsp.a(altera_avalon_jtag_uart_write.o)
 .data          0x00000000001187a8        0x0 ../TEDv3_bsp/\libhal_bsp.a(altera_avalon_sgdma.o)
 .data          0x00000000001187a8        0x0 ../TEDv3_bsp/\libhal_bsp.a(altera_avalon_timer_sc.o)
 .data          0x00000000001187a8        0x0 ../TEDv3_bsp/\libhal_bsp.a(altera_up_avalon_character_lcd.o)
 .data          0x00000000001187a8        0x0 ../TEDv3_bsp/\libhal_bsp.a(alt_alarm_start.o)
 .data          0x00000000001187a8        0x0 ../TEDv3_bsp/\libhal_bsp.a(alt_dcache_flush.o)
 .data          0x00000000001187a8        0x0 ../TEDv3_bsp/\libhal_bsp.a(alt_dcache_flush_all.o)
 .data          0x00000000001187a8        0x0 ../TEDv3_bsp/\libhal_bsp.a(alt_dev_llist_insert.o)
 .data          0x00000000001187a8        0x0 ../TEDv3_bsp/\libhal_bsp.a(alt_do_ctors.o)
 .data          0x00000000001187a8        0x0 ../TEDv3_bsp/\libhal_bsp.a(alt_do_dtors.o)
 .data          0x00000000001187a8        0x0 ../TEDv3_bsp/\libhal_bsp.a(alt_exception_entry.o)
 .data          0x00000000001187a8        0x0 ../TEDv3_bsp/\libhal_bsp.a(alt_find_dev.o)
 .data          0x00000000001187a8        0x0 ../TEDv3_bsp/\libhal_bsp.a(alt_icache_flush_all.o)
 .data          0x00000000001187a8        0x0 ../TEDv3_bsp/\libhal_bsp.a(alt_iic.o)
 .data          0x00000000001187a8        0x0 ../TEDv3_bsp/\libhal_bsp.a(alt_iic_isr_register.o)
 .data          0x00000000001187a8        0x0 ../TEDv3_bsp/\libhal_bsp.a(alt_io_redirect.o)
 .data          0x00000000001187a8        0x0 ../TEDv3_bsp/\libhal_bsp.a(alt_irq_entry.o)
 .data          0x00000000001187a8        0x0 ../TEDv3_bsp/\libhal_bsp.a(alt_irq_handler.o)
 .data          0x00000000001187a8        0x0 ../TEDv3_bsp/\libhal_bsp.a(alt_irq_vars.o)
 .data          0x00000000001187a8        0x0 ../TEDv3_bsp/\libhal_bsp.a(alt_open.o)
 .data          0x00000000001187a8        0x0 ../TEDv3_bsp/\libhal_bsp.a(alt_tick.o)
 .data          0x00000000001187a8        0x0 ../TEDv3_bsp/\libhal_bsp.a(altera_nios2_qsys_irq.o)
 .data          0x00000000001187a8        0x0 ../TEDv3_bsp/\libhal_bsp.a(alt_find_file.o)
 .data          0x00000000001187a8        0x0 ../TEDv3_bsp/\libhal_bsp.a(alt_get_fd.o)
 .data          0x00000000001187a8        0x0 c:/altera/14.1/nios2eds/bin/gnu/h-x86_64-mingw32/bin/../lib/gcc/nios2-elf/4.8.3/../../../../../H-x86_64-mingw32/nios2-elf/lib/mno-hw-mul\libc.a(lib_a-atexit.o)
 .data          0x00000000001187a8        0x0 c:/altera/14.1/nios2eds/bin/gnu/h-x86_64-mingw32/bin/../lib/gcc/nios2-elf/4.8.3/../../../../../H-x86_64-mingw32/nios2-elf/lib/mno-hw-mul\libc.a(lib_a-exit.o)
 .data          0x00000000001187a8        0x0 c:/altera/14.1/nios2eds/bin/gnu/h-x86_64-mingw32/bin/../lib/gcc/nios2-elf/4.8.3/../../../../../H-x86_64-mingw32/nios2-elf/lib/mno-hw-mul\libc.a(lib_a-memcmp.o)
 .data          0x00000000001187a8        0x0 c:/altera/14.1/nios2eds/bin/gnu/h-x86_64-mingw32/bin/../lib/gcc/nios2-elf/4.8.3/../../../../../H-x86_64-mingw32/nios2-elf/lib/mno-hw-mul\libc.a(lib_a-__atexit.o)
 .data          0x00000000001187a8        0x0 c:/altera/14.1/nios2eds/bin/gnu/h-x86_64-mingw32/bin/../lib/gcc/nios2-elf/4.8.3/../../../../../H-x86_64-mingw32/nios2-elf/lib/mno-hw-mul\libc.a(lib_a-__call_atexit.o)
 .data          0x00000000001187a8        0x0 ../TEDv3_bsp/\libhal_bsp.a(alt_exit.o)
                0x00000000001207a8                _gp = ABSOLUTE ((. + 0x8000))
                0x00000000001207a8                PROVIDE (gp, _gp)
 *(.rwdata .rwdata.*)
 *(.sdata .sdata.* .gnu.linkonce.s.*)
 .sdata         0x00000000001187a8       0x1c obj/default/main.o
                0x00000000001187a8                Black_Interface
                0x00000000001187ac                Red_Interface
                0x00000000001187b0                Switches
                0x00000000001187b4                HEX
                0x00000000001187b8                Encryptor
                0x00000000001187bc                Decryptor
                0x00000000001187c0                LEDs
 .sdata         0x00000000001187c4        0x8 c:/altera/14.1/nios2eds/bin/gnu/h-x86_64-mingw32/bin/../lib/gcc/nios2-elf/4.8.3/../../../../../H-x86_64-mingw32/nios2-elf/lib/mno-hw-mul\libc.a(lib_a-mallocr.o)
                0x00000000001187c4                __malloc_sbrk_base
                0x00000000001187c8                __malloc_trim_threshold
 .sdata         0x00000000001187cc        0x8 c:/altera/14.1/nios2eds/bin/gnu/h-x86_64-mingw32/bin/../lib/gcc/nios2-elf/4.8.3/../../../../../H-x86_64-mingw32/nios2-elf/lib/mno-hw-mul\libc.a(lib_a-impure.o)
                0x00000000001187cc                _global_impure_ptr
                0x00000000001187d0                _impure_ptr
 .sdata         0x00000000001187d4        0x4 c:/altera/14.1/nios2eds/bin/gnu/h-x86_64-mingw32/bin/../lib/gcc/nios2-elf/4.8.3/../../../../../H-x86_64-mingw32/nios2-elf/lib/mno-hw-mul\libc.a(lib_a-locale.o)
                0x00000000001187d4                __mb_cur_max
 .sdata         0x00000000001187d8        0x4 c:/altera/14.1/nios2eds/bin/gnu/h-x86_64-mingw32/bin/../lib/gcc/nios2-elf/4.8.3/../../../../../H-x86_64-mingw32/nios2-elf/lib/mno-hw-mul\libc.a(lib_a-wctomb_r.o)
                0x00000000001187d8                __wctomb
 .sdata         0x00000000001187dc       0x14 ../TEDv3_bsp/\libhal_bsp.a(alt_dev.o)
                0x00000000001187dc                alt_max_fd
                0x00000000001187e0                alt_dev_list
                0x00000000001187e8                alt_fs_list
 .sdata         0x00000000001187f0        0x4 ../TEDv3_bsp/\libhal_bsp.a(alt_errno.o)
                0x00000000001187f0                alt_errno
 .sdata         0x00000000001187f4        0x4 ../TEDv3_bsp/\libhal_bsp.a(alt_sbrk.o)
 .sdata         0x00000000001187f8        0x8 ../TEDv3_bsp/\libhal_bsp.a(altera_avalon_sgdma.o)
                0x00000000001187f8                alt_sgdma_list
 .sdata         0x0000000000118800        0x4 ../TEDv3_bsp/\libhal_bsp.a(alt_irq_vars.o)
                0x0000000000118800                alt_priority_mask
 .sdata         0x0000000000118804        0x8 ../TEDv3_bsp/\libhal_bsp.a(alt_tick.o)
                0x0000000000118804                alt_alarm_list
 *(.sdata2 .sdata2.* .gnu.linkonce.s2.*)
                0x000000000011880c                . = ALIGN (0x4)
                0x000000000011880c                _edata = ABSOLUTE (.)
                0x000000000011880c                PROVIDE (edata, ABSOLUTE (.))
                0x000000000011880c                PROVIDE (__ram_rwdata_end, ABSOLUTE (.))
                0x000000000011880c                PROVIDE (__flash_rwdata_start, LOADADDR (.rwdata))

.bss            0x000000000011a408      0x178
                0x000000000011a408                __bss_start = ABSOLUTE (.)
                0x000000000011a408                PROVIDE (__sbss_start, ABSOLUTE (.))
                0x000000000011a408                PROVIDE (___sbss_start, ABSOLUTE (.))
 *(.dynsbss)
 *(.sbss .sbss.* .gnu.linkonce.sb.*)
 .sbss          0x000000000011a408        0x4 obj/default/TargetList.o
 .sbss          0x000000000011a40c        0x4 obj/default/main.o
                0x000000000011a40c                headNumber
 .sbss          0x000000000011a410       0x14 obj/default/main.o
                0x000000000011a410                RedTx
                0x000000000011a414                BlackTx
                0x000000000011a418                BlackRx
                0x000000000011a41c                RedRx
                0x000000000011a420                LCD
 .sbss          0x000000000011a424        0xc c:/altera/14.1/nios2eds/bin/gnu/h-x86_64-mingw32/bin/../lib/gcc/nios2-elf/4.8.3/../../../../../H-x86_64-mingw32/nios2-elf/lib/mno-hw-mul\libc.a(lib_a-mallocr.o)
                0x000000000011a424                __malloc_max_total_mem
                0x000000000011a428                __malloc_max_sbrked_mem
                0x000000000011a42c                __malloc_top_pad
 .sbss          0x000000000011a430        0x4 c:/altera/14.1/nios2eds/bin/gnu/h-x86_64-mingw32/bin/../lib/gcc/nios2-elf/4.8.3/../../../../../H-x86_64-mingw32/nios2-elf/lib/mno-hw-mul\libc.a(lib_a-int_errno.o)
                0x000000000011a430                errno
 .sbss          0x000000000011a434        0xc c:/altera/14.1/nios2eds/bin/gnu/h-x86_64-mingw32/bin/../lib/gcc/nios2-elf/4.8.3/../../../../../H-x86_64-mingw32/nios2-elf/lib/mno-hw-mul\libc.a(lib_a-locale.o)
                0x000000000011a434                _PathLocale
                0x000000000011a438                __mlocale_changed
                0x000000000011a43c                __nlocale_changed
 .sbss          0x000000000011a440        0xc ../TEDv3_bsp/\libhal_bsp.a(alt_main.o)
                0x000000000011a440                alt_envp
                0x000000000011a444                alt_argv
                0x000000000011a448                alt_argc
 .sbss          0x000000000011a44c        0x4 ../TEDv3_bsp/\libhal_bsp.a(alt_irq_vars.o)
                0x000000000011a44c                alt_irq_active
 .sbss          0x000000000011a450        0x8 ../TEDv3_bsp/\libhal_bsp.a(alt_tick.o)
                0x000000000011a450                _alt_nticks
                0x000000000011a454                _alt_tick_rate
 *(.sbss2 .sbss2.* .gnu.linkonce.sb2.*)
 *(.scommon)
                0x000000000011a458                PROVIDE (__sbss_end, ABSOLUTE (.))
                0x000000000011a458                PROVIDE (___sbss_end, ABSOLUTE (.))
 *(.dynbss)
 *(.bss .bss.* .gnu.linkonce.b.*)
 .bss           0x000000000011a458        0x0 ../TEDv3_bsp//obj/HAL/src/crt0.o
 .bss           0x000000000011a458        0x0 obj/default/DecryptCheck.o
 .bss           0x000000000011a458        0x0 obj/default/EncryptCheck.o
 .bss           0x000000000011a458        0x0 obj/default/PacketProcessor_Black_Rx.o
 .bss           0x000000000011a458        0x0 obj/default/PacketProcessor_Red_Rx.o
 .bss           0x000000000011a458        0x0 obj/default/TargetList.o
 .bss           0x000000000011a458        0x0 obj/default/circular_fifo.o
 .bss           0x000000000011a458        0x0 obj/default/hex.o
 .bss           0x000000000011a458        0x0 obj/default/lcd.o
 .bss           0x000000000011a458        0x0 obj/default/led.o
 .bss           0x000000000011a458        0x0 obj/default/mac.o
 .bss           0x000000000011a458        0x0 obj/default/main.o
 .bss           0x000000000011a458        0x0 obj/default/printpacket.o
 .bss           0x000000000011a458        0x0 obj/default/sw.o
 .bss           0x000000000011a458        0x0 c:/altera/14.1/nios2eds/bin/gnu/h-x86_64-mingw32/bin/../lib/gcc/nios2-elf/4.8.3/mno-hw-mul\libgcc.a(lib2-divmod.o)
 .bss           0x000000000011a458        0x0 c:/altera/14.1/nios2eds/bin/gnu/h-x86_64-mingw32/bin/../lib/gcc/nios2-elf/4.8.3/mno-hw-mul\libgcc.a(lib2-mul.o)
 .bss           0x000000000011a458        0x0 c:/altera/14.1/nios2eds/bin/gnu/h-x86_64-mingw32/bin/../lib/gcc/nios2-elf/4.8.3/../../../../../H-x86_64-mingw32/nios2-elf/lib/mno-hw-mul\libc.a(lib_a-malloc.o)
 .bss           0x000000000011a458       0x28 c:/altera/14.1/nios2eds/bin/gnu/h-x86_64-mingw32/bin/../lib/gcc/nios2-elf/4.8.3/../../../../../H-x86_64-mingw32/nios2-elf/lib/mno-hw-mul\libc.a(lib_a-mallocr.o)
                0x000000000011a458                __malloc_current_mallinfo
 .bss           0x000000000011a480        0x0 c:/altera/14.1/nios2eds/bin/gnu/h-x86_64-mingw32/bin/../lib/gcc/nios2-elf/4.8.3/../../../../../H-x86_64-mingw32/nios2-elf/lib/mno-hw-mul\libc.a(lib_a-printf.o)
 .bss           0x000000000011a480        0x0 c:/altera/14.1/nios2eds/bin/gnu/h-x86_64-mingw32/bin/../lib/gcc/nios2-elf/4.8.3/../../../../../H-x86_64-mingw32/nios2-elf/lib/mno-hw-mul\libc.a(lib_a-putchar.o)
 .bss           0x000000000011a480        0x0 c:/altera/14.1/nios2eds/bin/gnu/h-x86_64-mingw32/bin/../lib/gcc/nios2-elf/4.8.3/../../../../../H-x86_64-mingw32/nios2-elf/lib/mno-hw-mul\libc.a(lib_a-puts.o)
 .bss           0x000000000011a480        0x0 c:/altera/14.1/nios2eds/bin/gnu/h-x86_64-mingw32/bin/../lib/gcc/nios2-elf/4.8.3/../../../../../H-x86_64-mingw32/nios2-elf/lib/mno-hw-mul\libc.a(lib_a-sbrkr.o)
 .bss           0x000000000011a480        0x0 c:/altera/14.1/nios2eds/bin/gnu/h-x86_64-mingw32/bin/../lib/gcc/nios2-elf/4.8.3/../../../../../H-x86_64-mingw32/nios2-elf/lib/mno-hw-mul\libc.a(lib_a-sprintf.o)
 .bss           0x000000000011a480        0x0 c:/altera/14.1/nios2eds/bin/gnu/h-x86_64-mingw32/bin/../lib/gcc/nios2-elf/4.8.3/../../../../../H-x86_64-mingw32/nios2-elf/lib/mno-hw-mul\libc.a(lib_a-strlen.o)
 .bss           0x000000000011a480        0x0 c:/altera/14.1/nios2eds/bin/gnu/h-x86_64-mingw32/bin/../lib/gcc/nios2-elf/4.8.3/../../../../../H-x86_64-mingw32/nios2-elf/lib/mno-hw-mul\libc.a(lib_a-svfprintf.o)
 .bss           0x000000000011a480        0x0 c:/altera/14.1/nios2eds/bin/gnu/h-x86_64-mingw32/bin/../lib/gcc/nios2-elf/4.8.3/../../../../../H-x86_64-mingw32/nios2-elf/lib/mno-hw-mul\libc.a(lib_a-vfprintf.o)
 .bss           0x000000000011a480        0x0 c:/altera/14.1/nios2eds/bin/gnu/h-x86_64-mingw32/bin/../lib/gcc/nios2-elf/4.8.3/../../../../../H-x86_64-mingw32/nios2-elf/lib/mno-hw-mul\libc.a(lib_a-wsetup.o)
 .bss           0x000000000011a480        0x0 c:/altera/14.1/nios2eds/bin/gnu/h-x86_64-mingw32/bin/../lib/gcc/nios2-elf/4.8.3/../../../../../H-x86_64-mingw32/nios2-elf/lib/mno-hw-mul\libc.a(lib_a-dtoa.o)
 .bss           0x000000000011a480        0x0 c:/altera/14.1/nios2eds/bin/gnu/h-x86_64-mingw32/bin/../lib/gcc/nios2-elf/4.8.3/../../../../../H-x86_64-mingw32/nios2-elf/lib/mno-hw-mul\libc.a(lib_a-fflush.o)
 .bss           0x000000000011a480        0x0 c:/altera/14.1/nios2eds/bin/gnu/h-x86_64-mingw32/bin/../lib/gcc/nios2-elf/4.8.3/../../../../../H-x86_64-mingw32/nios2-elf/lib/mno-hw-mul\libc.a(lib_a-findfp.o)
 .bss           0x000000000011a480        0x0 c:/altera/14.1/nios2eds/bin/gnu/h-x86_64-mingw32/bin/../lib/gcc/nios2-elf/4.8.3/../../../../../H-x86_64-mingw32/nios2-elf/lib/mno-hw-mul\libc.a(lib_a-freer.o)
 .bss           0x000000000011a480        0x0 c:/altera/14.1/nios2eds/bin/gnu/h-x86_64-mingw32/bin/../lib/gcc/nios2-elf/4.8.3/../../../../../H-x86_64-mingw32/nios2-elf/lib/mno-hw-mul\libc.a(lib_a-fvwrite.o)
 .bss           0x000000000011a480        0x0 c:/altera/14.1/nios2eds/bin/gnu/h-x86_64-mingw32/bin/../lib/gcc/nios2-elf/4.8.3/../../../../../H-x86_64-mingw32/nios2-elf/lib/mno-hw-mul\libc.a(lib_a-fwalk.o)
 .bss           0x000000000011a480        0x0 c:/altera/14.1/nios2eds/bin/gnu/h-x86_64-mingw32/bin/../lib/gcc/nios2-elf/4.8.3/../../../../../H-x86_64-mingw32/nios2-elf/lib/mno-hw-mul\libc.a(lib_a-impure.o)
 .bss           0x000000000011a480        0x0 c:/altera/14.1/nios2eds/bin/gnu/h-x86_64-mingw32/bin/../lib/gcc/nios2-elf/4.8.3/../../../../../H-x86_64-mingw32/nios2-elf/lib/mno-hw-mul\libc.a(lib_a-int_errno.o)
 .bss           0x000000000011a480        0x0 c:/altera/14.1/nios2eds/bin/gnu/h-x86_64-mingw32/bin/../lib/gcc/nios2-elf/4.8.3/../../../../../H-x86_64-mingw32/nios2-elf/lib/mno-hw-mul\libc.a(lib_a-locale.o)
 .bss           0x000000000011a480        0x0 c:/altera/14.1/nios2eds/bin/gnu/h-x86_64-mingw32/bin/../lib/gcc/nios2-elf/4.8.3/../../../../../H-x86_64-mingw32/nios2-elf/lib/mno-hw-mul\libc.a(lib_a-makebuf.o)
 .bss           0x000000000011a480        0x0 c:/altera/14.1/nios2eds/bin/gnu/h-x86_64-mingw32/bin/../lib/gcc/nios2-elf/4.8.3/../../../../../H-x86_64-mingw32/nios2-elf/lib/mno-hw-mul\libc.a(lib_a-memchr.o)
 .bss           0x000000000011a480        0x0 c:/altera/14.1/nios2eds/bin/gnu/h-x86_64-mingw32/bin/../lib/gcc/nios2-elf/4.8.3/../../../../../H-x86_64-mingw32/nios2-elf/lib/mno-hw-mul\libc.a(lib_a-memcpy.o)
 .bss           0x000000000011a480        0x0 c:/altera/14.1/nios2eds/bin/gnu/h-x86_64-mingw32/bin/../lib/gcc/nios2-elf/4.8.3/../../../../../H-x86_64-mingw32/nios2-elf/lib/mno-hw-mul\libc.a(lib_a-memmove.o)
 .bss           0x000000000011a480        0x0 c:/altera/14.1/nios2eds/bin/gnu/h-x86_64-mingw32/bin/../lib/gcc/nios2-elf/4.8.3/../../../../../H-x86_64-mingw32/nios2-elf/lib/mno-hw-mul\libc.a(lib_a-memset.o)
 .bss           0x000000000011a480        0x0 c:/altera/14.1/nios2eds/bin/gnu/h-x86_64-mingw32/bin/../lib/gcc/nios2-elf/4.8.3/../../../../../H-x86_64-mingw32/nios2-elf/lib/mno-hw-mul\libc.a(lib_a-mprec.o)
 .bss           0x000000000011a480        0x0 c:/altera/14.1/nios2eds/bin/gnu/h-x86_64-mingw32/bin/../lib/gcc/nios2-elf/4.8.3/../../../../../H-x86_64-mingw32/nios2-elf/lib/mno-hw-mul\libc.a(lib_a-putc.o)
 .bss           0x000000000011a480        0x0 c:/altera/14.1/nios2eds/bin/gnu/h-x86_64-mingw32/bin/../lib/gcc/nios2-elf/4.8.3/../../../../../H-x86_64-mingw32/nios2-elf/lib/mno-hw-mul\libc.a(lib_a-reallocr.o)
 .bss           0x000000000011a480        0x0 c:/altera/14.1/nios2eds/bin/gnu/h-x86_64-mingw32/bin/../lib/gcc/nios2-elf/4.8.3/../../../../../H-x86_64-mingw32/nios2-elf/lib/mno-hw-mul\libc.a(lib_a-s_fpclassify.o)
 .bss           0x000000000011a480        0x0 c:/altera/14.1/nios2eds/bin/gnu/h-x86_64-mingw32/bin/../lib/gcc/nios2-elf/4.8.3/../../../../../H-x86_64-mingw32/nios2-elf/lib/mno-hw-mul\libc.a(lib_a-stdio.o)
 .bss           0x000000000011a480        0x0 c:/altera/14.1/nios2eds/bin/gnu/h-x86_64-mingw32/bin/../lib/gcc/nios2-elf/4.8.3/../../../../../H-x86_64-mingw32/nios2-elf/lib/mno-hw-mul\libc.a(lib_a-strcmp.o)
 .bss           0x000000000011a480        0x0 c:/altera/14.1/nios2eds/bin/gnu/h-x86_64-mingw32/bin/../lib/gcc/nios2-elf/4.8.3/../../../../../H-x86_64-mingw32/nios2-elf/lib/mno-hw-mul\libc.a(lib_a-svfiprintf.o)
 .bss           0x000000000011a480        0x0 c:/altera/14.1/nios2eds/bin/gnu/h-x86_64-mingw32/bin/../lib/gcc/nios2-elf/4.8.3/../../../../../H-x86_64-mingw32/nios2-elf/lib/mno-hw-mul\libc.a(lib_a-vfiprintf.o)
 .bss           0x000000000011a480        0x0 c:/altera/14.1/nios2eds/bin/gnu/h-x86_64-mingw32/bin/../lib/gcc/nios2-elf/4.8.3/../../../../../H-x86_64-mingw32/nios2-elf/lib/mno-hw-mul\libc.a(lib_a-wbuf.o)
 .bss           0x000000000011a480        0x0 c:/altera/14.1/nios2eds/bin/gnu/h-x86_64-mingw32/bin/../lib/gcc/nios2-elf/4.8.3/../../../../../H-x86_64-mingw32/nios2-elf/lib/mno-hw-mul\libc.a(lib_a-writer.o)
 .bss           0x000000000011a480        0x0 c:/altera/14.1/nios2eds/bin/gnu/h-x86_64-mingw32/bin/../lib/gcc/nios2-elf/4.8.3/../../../../../H-x86_64-mingw32/nios2-elf/lib/mno-hw-mul\libc.a(closer.o)
 .bss           0x000000000011a480        0x0 c:/altera/14.1/nios2eds/bin/gnu/h-x86_64-mingw32/bin/../lib/gcc/nios2-elf/4.8.3/../../../../../H-x86_64-mingw32/nios2-elf/lib/mno-hw-mul\libc.a(lib_a-callocr.o)
 .bss           0x000000000011a480        0x0 c:/altera/14.1/nios2eds/bin/gnu/h-x86_64-mingw32/bin/../lib/gcc/nios2-elf/4.8.3/../../../../../H-x86_64-mingw32/nios2-elf/lib/mno-hw-mul\libc.a(lib_a-fclose.o)
 .bss           0x000000000011a480        0x0 c:/altera/14.1/nios2eds/bin/gnu/h-x86_64-mingw32/bin/../lib/gcc/nios2-elf/4.8.3/../../../../../H-x86_64-mingw32/nios2-elf/lib/mno-hw-mul\libc.a(lib_a-fputwc.o)
 .bss           0x000000000011a480        0x0 c:/altera/14.1/nios2eds/bin/gnu/h-x86_64-mingw32/bin/../lib/gcc/nios2-elf/4.8.3/../../../../../H-x86_64-mingw32/nios2-elf/lib/mno-hw-mul\libc.a(lib_a-fstatr.o)
 .bss           0x000000000011a480        0x0 c:/altera/14.1/nios2eds/bin/gnu/h-x86_64-mingw32/bin/../lib/gcc/nios2-elf/4.8.3/../../../../../H-x86_64-mingw32/nios2-elf/lib/mno-hw-mul\libc.a(lib_a-isattyr.o)
 .bss           0x000000000011a480        0x0 c:/altera/14.1/nios2eds/bin/gnu/h-x86_64-mingw32/bin/../lib/gcc/nios2-elf/4.8.3/../../../../../H-x86_64-mingw32/nios2-elf/lib/mno-hw-mul\libc.a(lib_a-lseekr.o)
 .bss           0x000000000011a480        0x0 c:/altera/14.1/nios2eds/bin/gnu/h-x86_64-mingw32/bin/../lib/gcc/nios2-elf/4.8.3/../../../../../H-x86_64-mingw32/nios2-elf/lib/mno-hw-mul\libc.a(lib_a-readr.o)
 .bss           0x000000000011a480        0x0 c:/altera/14.1/nios2eds/bin/gnu/h-x86_64-mingw32/bin/../lib/gcc/nios2-elf/4.8.3/../../../../../H-x86_64-mingw32/nios2-elf/lib/mno-hw-mul\libc.a(lib_a-wcrtomb.o)
 .bss           0x000000000011a480        0x0 c:/altera/14.1/nios2eds/bin/gnu/h-x86_64-mingw32/bin/../lib/gcc/nios2-elf/4.8.3/../../../../../H-x86_64-mingw32/nios2-elf/lib/mno-hw-mul\libc.a(lib_a-wctomb_r.o)
 .bss           0x000000000011a480        0x0 c:/altera/14.1/nios2eds/bin/gnu/h-x86_64-mingw32/bin/../lib/gcc/nios2-elf/4.8.3/mno-hw-mul\libgcc.a(_udivdi3.o)
 .bss           0x000000000011a480        0x0 c:/altera/14.1/nios2eds/bin/gnu/h-x86_64-mingw32/bin/../lib/gcc/nios2-elf/4.8.3/mno-hw-mul\libgcc.a(_umoddi3.o)
 .bss           0x000000000011a480        0x0 c:/altera/14.1/nios2eds/bin/gnu/h-x86_64-mingw32/bin/../lib/gcc/nios2-elf/4.8.3/mno-hw-mul\libgcc.a(adddf3.o)
 .bss           0x000000000011a480        0x0 c:/altera/14.1/nios2eds/bin/gnu/h-x86_64-mingw32/bin/../lib/gcc/nios2-elf/4.8.3/mno-hw-mul\libgcc.a(divdf3.o)
 .bss           0x000000000011a480        0x0 c:/altera/14.1/nios2eds/bin/gnu/h-x86_64-mingw32/bin/../lib/gcc/nios2-elf/4.8.3/mno-hw-mul\libgcc.a(eqdf2.o)
 .bss           0x000000000011a480        0x0 c:/altera/14.1/nios2eds/bin/gnu/h-x86_64-mingw32/bin/../lib/gcc/nios2-elf/4.8.3/mno-hw-mul\libgcc.a(gedf2.o)
 .bss           0x000000000011a480        0x0 c:/altera/14.1/nios2eds/bin/gnu/h-x86_64-mingw32/bin/../lib/gcc/nios2-elf/4.8.3/mno-hw-mul\libgcc.a(ledf2.o)
 .bss           0x000000000011a480        0x0 c:/altera/14.1/nios2eds/bin/gnu/h-x86_64-mingw32/bin/../lib/gcc/nios2-elf/4.8.3/mno-hw-mul\libgcc.a(muldf3.o)
 .bss           0x000000000011a480        0x0 c:/altera/14.1/nios2eds/bin/gnu/h-x86_64-mingw32/bin/../lib/gcc/nios2-elf/4.8.3/mno-hw-mul\libgcc.a(subdf3.o)
 .bss           0x000000000011a480        0x0 c:/altera/14.1/nios2eds/bin/gnu/h-x86_64-mingw32/bin/../lib/gcc/nios2-elf/4.8.3/mno-hw-mul\libgcc.a(fixdfsi.o)
 .bss           0x000000000011a480        0x0 c:/altera/14.1/nios2eds/bin/gnu/h-x86_64-mingw32/bin/../lib/gcc/nios2-elf/4.8.3/mno-hw-mul\libgcc.a(floatsidf.o)
 .bss           0x000000000011a480        0x0 c:/altera/14.1/nios2eds/bin/gnu/h-x86_64-mingw32/bin/../lib/gcc/nios2-elf/4.8.3/mno-hw-mul\libgcc.a(floatunsidf.o)
 .bss           0x000000000011a480        0x0 c:/altera/14.1/nios2eds/bin/gnu/h-x86_64-mingw32/bin/../lib/gcc/nios2-elf/4.8.3/mno-hw-mul\libgcc.a(_clz.o)
 .bss           0x000000000011a480        0x0 c:/altera/14.1/nios2eds/bin/gnu/h-x86_64-mingw32/bin/../lib/gcc/nios2-elf/4.8.3/mno-hw-mul\libgcc.a(_clzsi2.o)
 .bss           0x000000000011a480        0x0 ../TEDv3_bsp/\libhal_bsp.a(alt_close.o)
 .bss           0x000000000011a480        0x0 ../TEDv3_bsp/\libhal_bsp.a(alt_dev.o)
 .bss           0x000000000011a480        0x0 ../TEDv3_bsp/\libhal_bsp.a(alt_errno.o)
 .bss           0x000000000011a480        0x0 ../TEDv3_bsp/\libhal_bsp.a(alt_exception_muldiv.o)
 .bss           0x000000000011a480        0x0 ../TEDv3_bsp/\libhal_bsp.a(alt_fstat.o)
 .bss           0x000000000011a480        0x0 ../TEDv3_bsp/\libhal_bsp.a(alt_isatty.o)
 .bss           0x000000000011a480        0x0 ../TEDv3_bsp/\libhal_bsp.a(alt_load.o)
 .bss           0x000000000011a480        0x0 ../TEDv3_bsp/\libhal_bsp.a(alt_lseek.o)
 .bss           0x000000000011a480        0x0 ../TEDv3_bsp/\libhal_bsp.a(alt_main.o)
 .bss           0x000000000011a480        0x0 ../TEDv3_bsp/\libhal_bsp.a(alt_malloc_lock.o)
 .bss           0x000000000011a480        0x0 ../TEDv3_bsp/\libhal_bsp.a(alt_read.o)
 .bss           0x000000000011a480        0x0 ../TEDv3_bsp/\libhal_bsp.a(alt_release_fd.o)
 .bss           0x000000000011a480        0x0 ../TEDv3_bsp/\libhal_bsp.a(alt_sbrk.o)
 .bss           0x000000000011a480        0x0 ../TEDv3_bsp/\libhal_bsp.a(alt_write.o)
 .bss           0x000000000011a480        0x0 ../TEDv3_bsp/\libhal_bsp.a(alt_sys_init.o)
 .bss           0x000000000011a480        0x0 ../TEDv3_bsp/\libhal_bsp.a(altera_avalon_jtag_uart_fd.o)
 .bss           0x000000000011a480        0x0 ../TEDv3_bsp/\libhal_bsp.a(altera_avalon_jtag_uart_init.o)
 .bss           0x000000000011a480        0x0 ../TEDv3_bsp/\libhal_bsp.a(altera_avalon_jtag_uart_ioctl.o)
 .bss           0x000000000011a480        0x0 ../TEDv3_bsp/\libhal_bsp.a(altera_avalon_jtag_uart_read.o)
 .bss           0x000000000011a480        0x0 ../TEDv3_bsp/\libhal_bsp.a(altera_avalon_jtag_uart_write.o)
 .bss           0x000000000011a480        0x0 ../TEDv3_bsp/\libhal_bsp.a(altera_avalon_sgdma.o)
 .bss           0x000000000011a480        0x0 ../TEDv3_bsp/\libhal_bsp.a(altera_avalon_timer_sc.o)
 .bss           0x000000000011a480        0x0 ../TEDv3_bsp/\libhal_bsp.a(altera_up_avalon_character_lcd.o)
 .bss           0x000000000011a480        0x0 ../TEDv3_bsp/\libhal_bsp.a(alt_alarm_start.o)
 .bss           0x000000000011a480        0x0 ../TEDv3_bsp/\libhal_bsp.a(alt_dcache_flush.o)
 .bss           0x000000000011a480        0x0 ../TEDv3_bsp/\libhal_bsp.a(alt_dcache_flush_all.o)
 .bss           0x000000000011a480        0x0 ../TEDv3_bsp/\libhal_bsp.a(alt_dev_llist_insert.o)
 .bss           0x000000000011a480        0x0 ../TEDv3_bsp/\libhal_bsp.a(alt_do_ctors.o)
 .bss           0x000000000011a480        0x0 ../TEDv3_bsp/\libhal_bsp.a(alt_do_dtors.o)
 .bss           0x000000000011a480        0x0 ../TEDv3_bsp/\libhal_bsp.a(alt_exception_entry.o)
 .bss           0x000000000011a480        0x0 ../TEDv3_bsp/\libhal_bsp.a(alt_find_dev.o)
 .bss           0x000000000011a480        0x0 ../TEDv3_bsp/\libhal_bsp.a(alt_icache_flush_all.o)
 .bss           0x000000000011a480        0x0 ../TEDv3_bsp/\libhal_bsp.a(alt_iic.o)
 .bss           0x000000000011a480        0x0 ../TEDv3_bsp/\libhal_bsp.a(alt_iic_isr_register.o)
 .bss           0x000000000011a480        0x0 ../TEDv3_bsp/\libhal_bsp.a(alt_io_redirect.o)
 .bss           0x000000000011a480        0x0 ../TEDv3_bsp/\libhal_bsp.a(alt_irq_entry.o)
 .bss           0x000000000011a480        0x0 ../TEDv3_bsp/\libhal_bsp.a(alt_irq_handler.o)
 .bss           0x000000000011a480        0x0 ../TEDv3_bsp/\libhal_bsp.a(alt_irq_vars.o)
 .bss           0x000000000011a480        0x0 ../TEDv3_bsp/\libhal_bsp.a(alt_open.o)
 .bss           0x000000000011a480        0x0 ../TEDv3_bsp/\libhal_bsp.a(alt_tick.o)
 .bss           0x000000000011a480        0x0 ../TEDv3_bsp/\libhal_bsp.a(altera_nios2_qsys_irq.o)
 .bss           0x000000000011a480        0x0 ../TEDv3_bsp/\libhal_bsp.a(alt_find_file.o)
 .bss           0x000000000011a480        0x0 ../TEDv3_bsp/\libhal_bsp.a(alt_get_fd.o)
 .bss           0x000000000011a480        0x0 c:/altera/14.1/nios2eds/bin/gnu/h-x86_64-mingw32/bin/../lib/gcc/nios2-elf/4.8.3/../../../../../H-x86_64-mingw32/nios2-elf/lib/mno-hw-mul\libc.a(lib_a-atexit.o)
 .bss           0x000000000011a480        0x0 c:/altera/14.1/nios2eds/bin/gnu/h-x86_64-mingw32/bin/../lib/gcc/nios2-elf/4.8.3/../../../../../H-x86_64-mingw32/nios2-elf/lib/mno-hw-mul\libc.a(lib_a-exit.o)
 .bss           0x000000000011a480        0x0 c:/altera/14.1/nios2eds/bin/gnu/h-x86_64-mingw32/bin/../lib/gcc/nios2-elf/4.8.3/../../../../../H-x86_64-mingw32/nios2-elf/lib/mno-hw-mul\libc.a(lib_a-memcmp.o)
 .bss           0x000000000011a480        0x0 c:/altera/14.1/nios2eds/bin/gnu/h-x86_64-mingw32/bin/../lib/gcc/nios2-elf/4.8.3/../../../../../H-x86_64-mingw32/nios2-elf/lib/mno-hw-mul\libc.a(lib_a-__atexit.o)
 .bss           0x000000000011a480        0x0 c:/altera/14.1/nios2eds/bin/gnu/h-x86_64-mingw32/bin/../lib/gcc/nios2-elf/4.8.3/../../../../../H-x86_64-mingw32/nios2-elf/lib/mno-hw-mul\libc.a(lib_a-__call_atexit.o)
 .bss           0x000000000011a480        0x0 ../TEDv3_bsp/\libhal_bsp.a(alt_exit.o)
 *(COMMON)
 COMMON         0x000000000011a480      0x100 ../TEDv3_bsp/\libhal_bsp.a(alt_irq_handler.o)
                0x000000000011a480                alt_irq
                0x000000000011a580                . = ALIGN (0x4)
                0x000000000011a580                __bss_end = ABSOLUTE (.)

.descriptor_mem
                0x0000000000000000      0xc00 load address 0x000000000011a580
                0x0000000000000000                PROVIDE (_alt_partition_descriptor_mem_start, ABSOLUTE (.))
 *(.descriptor_mem .descriptor_mem. descriptor_mem.*)
 .descriptor_mem
                0x0000000000000000      0xc00 obj/default/main.o
                0x0000000000000000                red_rx_descriptor
                0x0000000000000300                red_tx_descriptor
                0x0000000000000600                black_rx_descriptor
                0x0000000000000900                black_tx_descriptor
                0x0000000000000c00                . = ALIGN (0x4)
                0x0000000000000c00                PROVIDE (_alt_partition_descriptor_mem_end, ABSOLUTE (.))
                0x000000000011a580                PROVIDE (_alt_partition_descriptor_mem_load_addr, LOADADDR (.descriptor_mem))

.heap_stack     0x0000000000028000        0x0 load address 0x000000000011b180
                0x0000000000028000                PROVIDE (_alt_partition_heap_stack_start, ABSOLUTE (.))
 *(.heap_stack .heap_stack. heap_stack.*)
                0x0000000000028000                . = ALIGN (0x4)
                0x0000000000028000                PROVIDE (_alt_partition_heap_stack_end, ABSOLUTE (.))
                0x0000000000028000                _end = ABSOLUTE (.)
                0x0000000000028000                end = ABSOLUTE (.)
                0x0000000000028000                __alt_stack_base = ABSOLUTE (.)
                0x000000000011b180                PROVIDE (_alt_partition_heap_stack_load_addr, LOADADDR (.heap_stack))

.instruction_memory
                0x000000000011b180        0x0
                0x000000000011b180                PROVIDE (_alt_partition_instruction_memory_start, ABSOLUTE (.))
 *(.instruction_memory .instruction_memory. instruction_memory.*)
                0x000000000011b180                . = ALIGN (0x4)
                0x000000000011b180                PROVIDE (_alt_partition_instruction_memory_end, ABSOLUTE (.))
                0x000000000011b180                PROVIDE (_alt_partition_instruction_memory_load_addr, LOADADDR (.instruction_memory))

.red_to_black_memory
                0x0000000001000000     0x8e80 load address 0x000000000011b180
                0x0000000001000000                PROVIDE (_alt_partition_red_to_black_memory_start, ABSOLUTE (.))
 *(.red_to_black_memory .red_to_black_memory. red_to_black_memory.*)
 .red_to_black_memory
                0x0000000001000000     0x8e80 obj/default/main.o
                0x0000000001000000                red_to_black_frame
                0x0000000001008e80                . = ALIGN (0x4)
                0x0000000001008e80                PROVIDE (_alt_partition_red_to_black_memory_end, ABSOLUTE (.))
                0x000000000011b180                PROVIDE (_alt_partition_red_to_black_memory_load_addr, LOADADDR (.red_to_black_memory))

.black_to_red_memory
                0x0000000002000000     0x8e80 load address 0x0000000000124000
                0x0000000002000000                PROVIDE (_alt_partition_black_to_red_memory_start, ABSOLUTE (.))
 *(.black_to_red_memory .black_to_red_memory. black_to_red_memory.*)
 .black_to_red_memory
                0x0000000002000000     0x8e80 obj/default/main.o
                0x0000000002000000                black_to_red_frame
                0x0000000002008e80                . = ALIGN (0x4)
                0x0000000002008e80                PROVIDE (_alt_partition_black_to_red_memory_end, ABSOLUTE (.))
                0x0000000000124000                PROVIDE (_alt_partition_black_to_red_memory_load_addr, LOADADDR (.black_to_red_memory))

.stab
 *(.stab)

.stabstr
 *(.stabstr)

.stab.excl
 *(.stab.excl)

.stab.exclstr
 *(.stab.exclstr)

.stab.index
 *(.stab.index)

.stab.indexstr
 *(.stab.indexstr)

.comment        0x0000000000000000       0x39
 *(.comment)
 .comment       0x0000000000000000       0x39 obj/default/DecryptCheck.o
                                         0x3a (size before relaxing)
 .comment       0x0000000000000000       0x3a obj/default/EncryptCheck.o
 .comment       0x0000000000000000       0x3a obj/default/PacketProcessor_Black_Rx.o
 .comment       0x0000000000000000       0x3a obj/default/PacketProcessor_Red_Rx.o
 .comment       0x0000000000000000       0x3a obj/default/TargetList.o
 .comment       0x0000000000000000       0x3a obj/default/circular_fifo.o
 .comment       0x0000000000000000       0x3a obj/default/hex.o
 .comment       0x0000000000000000       0x3a obj/default/lcd.o
 .comment       0x0000000000000000       0x3a obj/default/led.o
 .comment       0x0000000000000000       0x3a obj/default/mac.o
 .comment       0x0000000000000000       0x3a obj/default/main.o
 .comment       0x0000000000000000       0x3a obj/default/printpacket.o
 .comment       0x0000000000000000       0x3a obj/default/sw.o
 .comment       0x0000000000000000       0x3a c:/altera/14.1/nios2eds/bin/gnu/h-x86_64-mingw32/bin/../lib/gcc/nios2-elf/4.8.3/mno-hw-mul\libgcc.a(lib2-divmod.o)
 .comment       0x0000000000000000       0x3a c:/altera/14.1/nios2eds/bin/gnu/h-x86_64-mingw32/bin/../lib/gcc/nios2-elf/4.8.3/mno-hw-mul\libgcc.a(lib2-mul.o)